Archive member included to satisfy reference by file (symbol)

platform/libplatform_s.a(hw_init.o)
                              secure_fw/CMakeFiles/tfm_s.dir/__/platform/ext/target/nordic_nrf/common/core/startup.o (hw_init_reset_on_boot)
platform/libplatform_s.a(system_nrf5340_application.o)
                              secure_fw/CMakeFiles/tfm_s.dir/__/platform/ext/target/nordic_nrf/common/core/startup.o (SystemInit)
platform/libplatform_s.a(exception_info.o)
                              secure_fw/CMakeFiles/tfm_s.dir/__/platform/ext/target/nordic_nrf/common/core/startup_nrf5340.o (store_and_dump_context)
platform/libplatform_s.a(tfm_hal_spm_logdev_peripheral.o)
                              platform/libplatform_s.a(exception_info.o) (tfm_hal_output_spm_log)
platform/libplatform_s.a(uart_stdout.o)
                              platform/libplatform_s.a(tfm_hal_spm_logdev_peripheral.o) (stdio_output_string)
platform/libplatform_s.a(Driver_USART.o)
                              platform/libplatform_s.a(uart_stdout.o) (Driver_USART0)
platform/libplatform_s.a(nrfx_uarte.o)
                              platform/libplatform_s.a(Driver_USART.o) (nrfx_uarte_init)
platform/libplatform_s.a(nrfx_glue.o)
                              platform/libplatform_s.a(nrfx_uarte.o) (nrfx_critical_section_enter)
secure_fw/partitions/lib/runtime/libtfm_sprt.a(crt_memmove.o)
                              platform/libplatform_s.a(nrfx_uarte.o) (memmove)
secure_fw/partitions/lib/runtime/libtfm_sprt.a(crt_memcpy.o)
                              platform/libplatform_s.a(exception_info.o) (memcpy)
secure_fw/partitions/lib/runtime/libtfm_sprt.a(crt_memset.o)
                              /home/sword/ncs/toolchains/e9dba88316/opt/zephyr-sdk/arm-zephyr-eabi/bin/../lib/gcc/arm-zephyr-eabi/12.2.0/../../../../arm-zephyr-eabi/lib/thumb/v8-m.main/nofp/crt0.o (memset)
secure_fw/partitions/lib/runtime/libtfm_sprt.a(psa_interface_sfn.o)
                              secure_fw/CMakeFiles/tfm_s.dir/partitions/ns_agent_tz/psa_api_veneers_v80m.o (psa_framework_version)
secure_fw/spm/libtfm_spm.a(utilities.o)
                              secure_fw/CMakeFiles/tfm_s.dir/__/platform/ext/target/nordic_nrf/common/core/startup.o (tfm_core_panic)
secure_fw/spm/libtfm_spm.a(spm_log.o)
                              platform/libplatform_s.a(exception_info.o) (spm_log_msgval)
secure_fw/spm/libtfm_spm.a(main.o)
                              /home/sword/ncs/toolchains/e9dba88316/opt/zephyr-sdk/arm-zephyr-eabi/bin/../lib/gcc/arm-zephyr-eabi/12.2.0/../../../../arm-zephyr-eabi/lib/thumb/v8-m.main/nofp/crt0.o (main)
secure_fw/spm/libtfm_spm.a(psa_api.o)
                              secure_fw/partitions/lib/runtime/libtfm_sprt.a(psa_interface_sfn.o) (spm_handle_programmer_errors)
secure_fw/spm/libtfm_spm.a(psa_call_api.o)
                              secure_fw/partitions/lib/runtime/libtfm_sprt.a(psa_interface_sfn.o) (tfm_spm_client_psa_call)
secure_fw/spm/libtfm_spm.a(psa_version_api.o)
                              secure_fw/partitions/lib/runtime/libtfm_sprt.a(psa_interface_sfn.o) (tfm_spm_client_psa_framework_version)
secure_fw/spm/libtfm_spm.a(psa_read_write_skip_api.o)
                              secure_fw/partitions/lib/runtime/libtfm_sprt.a(psa_interface_sfn.o) (tfm_spm_partition_psa_read)
secure_fw/spm/libtfm_spm.a(backend_sfn.o)
                              secure_fw/partitions/lib/runtime/libtfm_sprt.a(psa_interface_sfn.o) (p_current_partition)
secure_fw/spm/libtfm_spm.a(tfm_svcalls.o)
                              secure_fw/spm/libtfm_spm.a(main.o) (tfm_core_handler_mode)
secure_fw/spm/libtfm_spm.a(spm_local_connection.o)
                              secure_fw/spm/libtfm_spm.a(psa_api.o) (spm_free_connection)
secure_fw/spm/libtfm_spm.a(tfm_arch_v8m_main.o)
                              secure_fw/spm/libtfm_spm.a(main.o) (tfm_arch_set_secure_exception_priorities)
secure_fw/spm/libtfm_spm.a(ns_agent_tz_v80m.o)
                              secure_fw/CMakeFiles/tfm_s.dir/partitions/ns_agent_tz/load_info_ns_agent_tz.o (ns_agent_tz_main)
secure_fw/spm/libtfm_spm.a(tfm_hal_isolation.o)
                              secure_fw/spm/libtfm_spm.a(psa_call_api.o) (tfm_hal_memory_check)
secure_fw/spm/libtfm_spm.a(tfm_hal_platform_common.o)
                              secure_fw/spm/libtfm_spm.a(backend_sfn.o) (tfm_hal_get_ns_entry_point)
secure_fw/spm/libtfm_spm.a(faults.o)
                              secure_fw/CMakeFiles/tfm_s.dir/__/platform/ext/target/nordic_nrf/common/core/startup_nrf5340.o (SPU_IRQHandler)
secure_fw/spm/libtfm_spm.a(target_cfg.o)
                              secure_fw/spm/libtfm_spm.a(tfm_hal_platform_common.o) (enable_fault_handlers)
secure_fw/spm/libtfm_spm.a(tfm_boot_data.o)
                              secure_fw/spm/libtfm_spm.a(main.o) (tfm_core_validate_boot_data)
secure_fw/spm/libtfm_spm.a(tfm_arch.o)
                              secure_fw/spm/libtfm_spm.a(tfm_svcalls.o) (tfm_arch_free_msp_and_exc_ret)
[...]
Memory Configuration

Name             Origin             Length             Attributes
FLASH            0x0000000000010200 0x000000000000be00 xr
RAM              0x0000000020002000 0x0000000000008000 xrw
*default*        0x0000000000000000 0xffffffffffffffff

Linker script and memory map

LOAD /home/sword/ncs/toolchains/e9dba88316/opt/zephyr-sdk/arm-zephyr-eabi/bin/../lib/gcc/arm-zephyr-eabi/12.2.0/thumb/v8-m.main/nofp/crti.o
LOAD /home/sword/ncs/toolchains/e9dba88316/opt/zephyr-sdk/arm-zephyr-eabi/bin/../lib/gcc/arm-zephyr-eabi/12.2.0/thumb/v8-m.main/nofp/crtbegin.o
LOAD /home/sword/ncs/toolchains/e9dba88316/opt/zephyr-sdk/arm-zephyr-eabi/bin/../lib/gcc/arm-zephyr-eabi/12.2.0/../../../../arm-zephyr-eabi/lib/thumb/v8-m.main/nofp/crt0.o
LOAD secure_fw/CMakeFiles/tfm_s.dir/partitions/ns_agent_tz/psa_api_veneers_v80m.o
LOAD secure_fw/CMakeFiles/tfm_s.dir/__/platform/ext/target/nordic_nrf/common/core/startup.o
LOAD secure_fw/CMakeFiles/tfm_s.dir/__/platform/ext/target/nordic_nrf/common/core/startup_nrf5340.o
LOAD secure_fw/CMakeFiles/tfm_s.dir/__/platform/ext/common/faults.o
LOAD secure_fw/CMakeFiles/tfm_s.dir/__/generated/secure_fw/partitions/crypto/auto_generated/load_info_tfm_crypto.o
LOAD secure_fw/CMakeFiles/tfm_s.dir/__/generated/secure_fw/partitions/platform/auto_generated/load_info_tfm_platform.o
LOAD secure_fw/CMakeFiles/tfm_s.dir/partitions/ns_agent_tz/load_info_ns_agent_tz.o
LOAD secure_fw/CMakeFiles/tfm_s.dir/__/platform/ext/common/syscalls_stub.o
LOAD platform/libplatform_s.a
LOAD secure_fw/partitions/lib/runtime/libtfm_sprt.a
LOAD secure_fw/spm/libtfm_spm.a
LOAD secure_fw/partitions/crypto/libtfm_psa_rot_partition_crypto.a
LOAD platform/libplatform_crypto_keys.a
LOAD secure_fw/partitions/crypto/mbedcrypto/nrf_security_src/libcrypto_service_mbedcrypto.a
LOAD secure_fw/partitions/platform/libtfm_psa_rot_partition_platform.a
LOAD platform/libplatform_s.a
LOAD secure_fw/partitions/lib/runtime/libtfm_sprt.a
LOAD secure_fw/spm/libtfm_spm.a
LOAD secure_fw/partitions/crypto/libtfm_psa_rot_partition_crypto.a
LOAD platform/libplatform_crypto_keys.a
LOAD secure_fw/partitions/crypto/mbedcrypto/nrf_security_src/libcrypto_service_mbedcrypto.a
LOAD secure_fw/partitions/platform/libtfm_psa_rot_partition_platform.a
LOAD platform/libplatform_s.a
LOAD secure_fw/partitions/lib/runtime/libtfm_sprt.a
LOAD secure_fw/spm/libtfm_spm.a
LOAD secure_fw/partitions/crypto/libtfm_psa_rot_partition_crypto.a
LOAD platform/libplatform_crypto_keys.a
LOAD secure_fw/partitions/crypto/mbedcrypto/nrf_security_src/libcrypto_service_mbedcrypto.a
LOAD secure_fw/partitions/platform/libtfm_psa_rot_partition_platform.a
LOAD /home/sword/ncs/v2.7.0/nrfxlib/crypto/nrf_cc312_platform/lib/cortex-m33/soft-float/no-interrupts/libnrf_cc312_platform_0.9.19.a
LOAD /home/sword/ncs/v2.7.0/nrfxlib/crypto/nrf_oberon/lib/cortex-m33/soft-float/liboberon_mbedtls_3.0.15.a
LOAD secure_fw/partitions/crypto/mbedcrypto/nrf_security_src/libmbedcrypto_base.a
LOAD /home/sword/ncs/v2.7.0/nrfxlib/crypto/nrf_oberon/lib/cortex-m33/soft-float/liboberon_3.0.15.a
START GROUP
LOAD /home/sword/ncs/toolchains/e9dba88316/opt/zephyr-sdk/arm-zephyr-eabi/bin/../lib/gcc/arm-zephyr-eabi/12.2.0/thumb/v8-m.main/nofp/libgcc.a
LOAD /home/sword/ncs/toolchains/e9dba88316/opt/zephyr-sdk/arm-zephyr-eabi/bin/../lib/gcc/arm-zephyr-eabi/12.2.0/../../../../arm-zephyr-eabi/lib/thumb/v8-m.main/nofp/libc_nano.a
END GROUP
START GROUP
LOAD /home/sword/ncs/toolchains/e9dba88316/opt/zephyr-sdk/arm-zephyr-eabi/bin/../lib/gcc/arm-zephyr-eabi/12.2.0/thumb/v8-m.main/nofp/libgcc.a
LOAD /home/sword/ncs/toolchains/e9dba88316/opt/zephyr-sdk/arm-zephyr-eabi/bin/../lib/gcc/arm-zephyr-eabi/12.2.0/../../../../arm-zephyr-eabi/lib/thumb/v8-m.main/nofp/libc_nano.a
END GROUP
LOAD /home/sword/ncs/toolchains/e9dba88316/opt/zephyr-sdk/arm-zephyr-eabi/bin/../lib/gcc/arm-zephyr-eabi/12.2.0/thumb/v8-m.main/nofp/crtend.o
LOAD /home/sword/ncs/toolchains/e9dba88316/opt/zephyr-sdk/arm-zephyr-eabi/bin/../lib/gcc/arm-zephyr-eabi/12.2.0/thumb/v8-m.main/nofp/crtn.o
                0x0000000000000800                __msp_stack_size__ = 0x800
START GROUP
LOAD /home/sword/ncs/toolchains/e9dba88316/opt/zephyr-sdk/arm-zephyr-eabi/bin/../lib/gcc/arm-zephyr-eabi/12.2.0/thumb/v8-m.main/nofp/libgcc.a
LOAD /home/sword/ncs/toolchains/e9dba88316/opt/zephyr-sdk/arm-zephyr-eabi/bin/../lib/gcc/arm-zephyr-eabi/12.2.0/../../../../arm-zephyr-eabi/lib/thumb/v8-m.main/nofp/libc.a
LOAD /home/sword/ncs/toolchains/e9dba88316/opt/zephyr-sdk/arm-zephyr-eabi/bin/../lib/gcc/arm-zephyr-eabi/12.2.0/../../../../arm-zephyr-eabi/lib/thumb/v8-m.main/nofp/libm.a
LOAD /home/sword/ncs/toolchains/e9dba88316/opt/zephyr-sdk/arm-zephyr-eabi/bin/../lib/gcc/arm-zephyr-eabi/12.2.0/../../../../arm-zephyr-eabi/lib/thumb/v8-m.main/nofp/libnosys.a
LOAD /home/sword/ncs/toolchains/e9dba88316/opt/zephyr-sdk/arm-zephyr-eabi/bin/../lib/gcc/arm-zephyr-eabi/12.2.0/../../../../arm-zephyr-eabi/lib/thumb/v8-m.main/nofp/libc_nano.a
END GROUP

.TFM_VECTORS    0x0000000000010200      0x154
                0x0000000000010200                __vectors_start__ = .
 *(.vectors)
 .vectors       0x0000000000010200      0x154 secure_fw/CMakeFiles/tfm_s.dir/__/platform/ext/target/nordic_nrf/common/core/startup_nrf5340.o
                0x0000000000010200                __Vectors
                0x0000000000010354                . = ALIGN (0x4)
                0x0000000000010354                __vectors_end__ = .
                0x0000000000000001                ASSERT ((. <= (ADDR (.TFM_VECTORS) + 0x154)), .TFM_VECTORS section size overflow.)
                0x0000000000010354                . = (ADDR (.TFM_VECTORS) + 0x154)

.TFM_SP_LOAD_LIST
                0x0000000000010354       0xbc
 *(.part_load_priority_00)
 .part_load_priority_00
                0x0000000000010354       0x30 secure_fw/CMakeFiles/tfm_s.dir/partitions/ns_agent_tz/load_info_ns_agent_tz.o
                0x0000000000010354                tfm_sp_ns_agent_tz_load
 *(.part_load_priority_01)
 *(.part_load_priority_02)
 .part_load_priority_02
                0x0000000000010384       0x48 secure_fw/CMakeFiles/tfm_s.dir/__/generated/secure_fw/partitions/crypto/auto_generated/load_info_tfm_crypto.o
                0x0000000000010384                tfm_sp_crypto_load
 .part_load_priority_02
                0x00000000000103cc       0x44 secure_fw/CMakeFiles/tfm_s.dir/__/generated/secure_fw/partitions/platform/auto_generated/load_info_tfm_platform.o
                0x00000000000103cc                tfm_sp_platform_load
 *(.part_load_priority_03)
                0x0000000000010354                Image$$TFM_SP_LOAD_LIST$$RO$$Base = ADDR (.TFM_SP_LOAD_LIST)
                0x0000000000010410                Image$$TFM_SP_LOAD_LIST$$RO$$Limit = (ADDR (.TFM_SP_LOAD_LIST) + SIZEOF (.TFM_SP_LOAD_LIST))
                0x0000000000010420                . = ALIGN (0x20)
                0x0000000000010420                Image$$TFM_PSA_CODE_START$$Base = .

.TFM_PSA_ROT_LINKER
                0x0000000000010420      0x420
 *tfm_psa_rot_partition*:(SORT_BY_ALIGNMENT(.text*))
 .text.tfm_crypto_clear_scratch
                0x0000000000010420       0x20 secure_fw/partitions/crypto/libtfm_psa_rot_partition_crypto.a(crypto_init.o)
 .text.tfm_crypto_api_dispatcher
                0x0000000000010440       0xb0 secure_fw/partitions/crypto/libtfm_psa_rot_partition_crypto.a(crypto_init.o)
                0x0000000000010440                tfm_crypto_api_dispatcher
 .text.tfm_crypto_sfn
                0x00000000000104f0      0x170 secure_fw/partitions/crypto/libtfm_psa_rot_partition_crypto.a(crypto_init.o)
                0x00000000000104f0                tfm_crypto_sfn
 .text.tfm_crypto_init_alloc
                0x0000000000010660       0x14 secure_fw/partitions/crypto/libtfm_psa_rot_partition_crypto.a(crypto_alloc.o)
                0x0000000000010660                tfm_crypto_init_alloc
 .text.tfm_crypto_library_get_info
                0x0000000000010674       0x1c secure_fw/partitions/crypto/libtfm_psa_rot_partition_crypto.a(crypto_library.o)
                0x0000000000010674                tfm_crypto_library_get_info
 .text.tfm_crypto_core_library_init
                0x0000000000010690       0x14 secure_fw/partitions/crypto/libtfm_psa_rot_partition_crypto.a(crypto_library.o)
                0x0000000000010690                tfm_crypto_core_library_init
 .text.tfm_crypto_init
                0x00000000000106a4       0x1c secure_fw/partitions/crypto/libtfm_psa_rot_partition_crypto.a(crypto_init.o)
                0x00000000000106a4                tfm_crypto_init
 .text.tfm_crypto_cipher_interface
                0x00000000000106c0        0x6 secure_fw/partitions/crypto/libtfm_psa_rot_partition_crypto.a(crypto_cipher.o)
                0x00000000000106c0                tfm_crypto_cipher_interface
 .text.tfm_crypto_hash_interface
                0x00000000000106c6        0x6 secure_fw/partitions/crypto/libtfm_psa_rot_partition_crypto.a(crypto_hash.o)
                0x00000000000106c6                tfm_crypto_hash_interface
 .text.tfm_crypto_mac_interface
                0x00000000000106cc        0x6 secure_fw/partitions/crypto/libtfm_psa_rot_partition_crypto.a(crypto_mac.o)
                0x00000000000106cc                tfm_crypto_mac_interface
 .text.tfm_crypto_aead_interface
                0x00000000000106d2        0x6 secure_fw/partitions/crypto/libtfm_psa_rot_partition_crypto.a(crypto_aead.o)
                0x00000000000106d2                tfm_crypto_aead_interface
 .text.tfm_crypto_asymmetric_sign_interface
                0x00000000000106d8        0x6 secure_fw/partitions/crypto/libtfm_psa_rot_partition_crypto.a(crypto_asymmetric.o)
                0x00000000000106d8                tfm_crypto_asymmetric_sign_interface
 .text.tfm_crypto_asymmetric_encrypt_interface
                0x00000000000106de        0x6 secure_fw/partitions/crypto/libtfm_psa_rot_partition_crypto.a(crypto_asymmetric.o)
                0x00000000000106de                tfm_crypto_asymmetric_encrypt_interface
 .text.tfm_crypto_key_derivation_interface
                0x00000000000106e4        0x6 secure_fw/partitions/crypto/libtfm_psa_rot_partition_crypto.a(crypto_key_derivation.o)
                0x00000000000106e4                tfm_crypto_key_derivation_interface
 .text.tfm_crypto_key_management_interface
                0x00000000000106ea        0x6 secure_fw/partitions/crypto/libtfm_psa_rot_partition_crypto.a(crypto_key_management.o)
                0x00000000000106ea                tfm_crypto_key_management_interface
 .text.tfm_crypto_random_interface
                0x00000000000106f0        0x8 secure_fw/partitions/crypto/libtfm_psa_rot_partition_crypto.a(crypto_rng.o)
                0x00000000000106f0                tfm_crypto_random_interface
 .text.tfm_crypto_pake_interface
                0x00000000000106f8        0x6 secure_fw/partitions/crypto/libtfm_psa_rot_partition_crypto.a(crypto_pake.o)
                0x00000000000106f8                tfm_crypto_pake_interface
 .text.tfm_platform_service_sfn
                0x00000000000106fe      0x114 secure_fw/partitions/platform/libtfm_psa_rot_partition_platform.a(platform_sp.o)
                0x00000000000106fe                tfm_platform_service_sfn
 .text.platform_sp_init
                0x0000000000010812        0x4 secure_fw/partitions/platform/libtfm_psa_rot_partition_platform.a(platform_sp.o)
                0x0000000000010812                platform_sp_init
 *tfm_psa_rot_partition*:(SORT_BY_ALIGNMENT(.rodata*))
 .rodata.tfm_crypto_library_get_info.str1.1
                0x0000000000010816        0xf secure_fw/partitions/crypto/libtfm_psa_rot_partition_crypto.a(crypto_library.o)
 *(TFM_*_PSA-ROT_ATTR_FN)
                0x0000000000010840                . = ALIGN (0x20)
 *fill*         0x0000000000010825       0x1b 
                0x0000000000010420                Image$$TFM_PSA_ROT_LINKER$$RO$$Base = ADDR (.TFM_PSA_ROT_LINKER)
                0x0000000000010840                Image$$TFM_PSA_ROT_LINKER$$RO$$Limit = (ADDR (.TFM_PSA_ROT_LINKER) + SIZEOF (.TFM_PSA_ROT_LINKER))
                0x0000000000010420                Image$$TFM_PSA_ROT_LINKER$$Base = ADDR (.TFM_PSA_ROT_LINKER)
                0x0000000000010840                Image$$TFM_PSA_ROT_LINKER$$Limit = (ADDR (.TFM_PSA_ROT_LINKER) + SIZEOF (.TFM_PSA_ROT_LINKER))
                0x0000000000010840                Image$$TFM_PSA_CODE_END$$Base = .
                0x0000000000010840                Image$$TFM_APP_CODE_START$$Base = .

.TFM_APP_ROT_LINKER
                0x0000000000010840        0x0
 *tfm_app_rot_partition*:(SORT_BY_ALIGNMENT(.text*))
 *tfm_app_rot_partition*:(SORT_BY_ALIGNMENT(.rodata*))
 *(TFM_*_APP-ROT_ATTR_FN)
                0x0000000000010840                . = ALIGN (0x20)
                0x0000000000010840                Image$$TFM_APP_ROT_LINKER$$RO$$Base = ADDR (.TFM_APP_ROT_LINKER)
                0x0000000000010840                Image$$TFM_APP_ROT_LINKER$$RO$$Limit = (ADDR (.TFM_APP_ROT_LINKER) + SIZEOF (.TFM_APP_ROT_LINKER))
                0x0000000000010840                Image$$TFM_APP_ROT_LINKER$$Base = ADDR (.TFM_APP_ROT_LINKER)
                0x0000000000010840                Image$$TFM_APP_ROT_LINKER$$Limit = (ADDR (.TFM_APP_ROT_LINKER) + SIZEOF (.TFM_APP_ROT_LINKER))
                0x0000000000010840                Image$$TFM_APP_CODE_END$$Base = .

.ARM.extab
 *(.ARM.extab* .gnu.linkonce.armextab.*)
                0x0000000000010840                __exidx_start = .

.ARM.exidx      0x0000000000010840        0x8
 *(.ARM.exidx* .gnu.linkonce.armexidx.*)
 .ARM.exidx     0x0000000000010840        0x8 /home/sword/ncs/toolchains/e9dba88316/opt/zephyr-sdk/arm-zephyr-eabi/bin/../lib/gcc/arm-zephyr-eabi/12.2.0/../../../../arm-zephyr-eabi/lib/thumb/v8-m.main/nofp/crt0.o
                                         0x10 (size before relaxing)
                0x0000000000010848                __exidx_end = .

.ER_TFM_CODE    0x0000000000010848     0x3048
                0x0000000000010848                . = ALIGN (0x4)
                0x0000000000010848                __copy_table_start__ = .
                0x0000000000010848        0x4 LONG 0x17c40 LOADADDR (.TFM_DATA)
                0x000000000001084c        0x4 LONG 0x20003080 ADDR (.TFM_DATA)
                0x0000000000010850        0x4 LONG 0x4c (SIZEOF (.TFM_DATA) / 0x4)
                0x0000000000010854        0x4 LONG 0x17c40 LOADADDR (.TFM_PSA_ROT_LINKER_DATA)
                0x0000000000010858        0x4 LONG 0x20002c20 ADDR (.TFM_PSA_ROT_LINKER_DATA)
                0x000000000001085c        0x4 LONG 0x0 (SIZEOF (.TFM_PSA_ROT_LINKER_DATA) / 0x4)
                0x0000000000010860        0x4 LONG 0x17c40 LOADADDR (.TFM_APP_ROT_LINKER_DATA)
                0x0000000000010864        0x4 LONG 0x20002c00 ADDR (.TFM_APP_ROT_LINKER_DATA)
                0x0000000000010868        0x4 LONG 0x0 (SIZEOF (.TFM_APP_ROT_LINKER_DATA) / 0x4)
                0x000000000001086c                __copy_table_end__ = .
                0x000000000001086c                . = ALIGN (0x4)
                0x000000000001086c                __zero_table_start__ = .
                0x000000000001086c        0x4 LONG 0x200031b0 ADDR (.TFM_BSS)
                0x0000000000010870        0x4 LONG 0x5c2 (SIZEOF (.TFM_BSS) / 0x4)
                0x0000000000010874        0x4 LONG 0x20002c20 ADDR (.TFM_PSA_ROT_LINKER_BSS)
                0x0000000000010878        0x4 LONG 0x118 (SIZEOF (.TFM_PSA_ROT_LINKER_BSS) / 0x4)
                0x000000000001087c        0x4 LONG 0x20002c00 ADDR (.TFM_APP_ROT_LINKER_BSS)
                0x0000000000010880        0x4 LONG 0x8 (SIZEOF (.TFM_APP_ROT_LINKER_BSS) / 0x4)
                0x0000000000010884                __zero_table_end__ = .
 *startup*(.text*)
 .text.default_irq_handler
                0x0000000000010884        0x4 secure_fw/CMakeFiles/tfm_s.dir/__/platform/ext/target/nordic_nrf/common/core/startup.o
                0x0000000000010884                default_irq_handler
 .text.Reset_Handler
                0x0000000000010888       0xd4 secure_fw/CMakeFiles/tfm_s.dir/__/platform/ext/target/nordic_nrf/common/core/startup.o
                0x0000000000010888                Reset_Handler
 .text.default_tfm_IRQHandler
                0x000000000001095c       0x1c secure_fw/CMakeFiles/tfm_s.dir/__/platform/ext/target/nordic_nrf/common/core/startup_nrf5340.o
                0x000000000001095c                TIMER2_IRQHandler
                0x000000000001095c                DebugMon_Handler
                0x000000000001095c                SPIM4_IRQHandler
                0x000000000001095c                RTC0_IRQHandler
                0x000000000001095c                SERIAL1_IRQHandler
                0x000000000001095c                SysTick_Handler
                0x000000000001095c                PWM1_IRQHandler
                0x000000000001095c                SERIAL3_IRQHandler
                0x000000000001095c                PendSV_Handler
                0x000000000001095c                NMI_Handler
                0x000000000001095c                WDT0_IRQHandler
                0x000000000001095c                I2S0_IRQHandler
                0x000000000001095c                default_tfm_IRQHandler
                0x000000000001095c                IPC_IRQHandler
                0x000000000001095c                SERIAL2_IRQHandler
                0x000000000001095c                PWM3_IRQHandler
                0x000000000001095c                QDEC1_IRQHandler
                0x000000000001095c                FPU_IRQHandler
                0x000000000001095c                USBD_IRQHandler
                0x000000000001095c                EGU3_IRQHandler
                0x000000000001095c                KMU_IRQHandler
                0x000000000001095c                CRYPTOCELL_IRQHandler
                0x000000000001095c                EGU2_IRQHandler
                0x000000000001095c                TIMER0_IRQHandler
                0x000000000001095c                CACHE_IRQHandler
                0x000000000001095c                EGU4_IRQHandler
                0x000000000001095c                EGU0_IRQHandler
                0x000000000001095c                GPIOTE1_IRQHandler
                0x000000000001095c                TIMER1_IRQHandler
                0x000000000001095c                PWM2_IRQHandler
                0x000000000001095c                EGU1_IRQHandler
                0x000000000001095c                EGU5_IRQHandler
                0x000000000001095c                SAADC_IRQHandler
                0x000000000001095c                GPIOTE0_IRQHandler
                0x000000000001095c                QDEC0_IRQHandler
                0x000000000001095c                PWM0_IRQHandler
                0x000000000001095c                RTC1_IRQHandler
                0x000000000001095c                SERIAL0_IRQHandler
                0x000000000001095c                USBREGULATOR_IRQHandler
                0x000000000001095c                NFCT_IRQHandler
                0x000000000001095c                WDT1_IRQHandler
                0x000000000001095c                QSPI_IRQHandler
                0x000000000001095c                COMP_LPCOMP_IRQHandler
                0x000000000001095c                CLOCK_POWER_IRQHandler
                0x000000000001095c                PDM0_IRQHandler
 *libplatform_s*:(SORT_BY_ALIGNMENT(.text*))
 .text.hw_init_reset_on_boot
                0x0000000000010978       0xd0 platform/libplatform_s.a(hw_init.o)
                0x0000000000010978                hw_init_reset_on_boot
 .text.nrf53_errata_42
                0x0000000000010a48       0x24 platform/libplatform_s.a(system_nrf5340_application.o)
 .text.SystemInit
                0x0000000000010a6c      0x224 platform/libplatform_s.a(system_nrf5340_application.o)
                0x0000000000010a6c                SystemInit
 .text.tfm_exception_info_get_context
                0x0000000000010c90        0xc platform/libplatform_s.a(exception_info.o)
                0x0000000000010c90                tfm_exception_info_get_context
 .text.store_and_dump_context
                0x0000000000010c9c      0x110 platform/libplatform_s.a(exception_info.o)
                0x0000000000010c9c                store_and_dump_context
 .text.stdio_output_string
                0x0000000000010dac       0x40 platform/libplatform_s.a(uart_stdout.o)
                0x0000000000010dac                stdio_output_string
 .text.stdio_init
                0x0000000000010dec       0x2c platform/libplatform_s.a(uart_stdout.o)
                0x0000000000010dec                stdio_init
 .text.ARM_USART_GetVersion
                0x0000000000010e18       0x20 platform/libplatform_s.a(Driver_USART.o)
 .text.ARM_USART0_GetTxCount
                0x0000000000010e38        0xc platform/libplatform_s.a(Driver_USART.o)
 .text.ARM_USART0_GetRxCount
                0x0000000000010e44        0xc platform/libplatform_s.a(Driver_USART.o)
 .text.ARM_USART0_Uninitialize
                0x0000000000010e50       0x18 platform/libplatform_s.a(Driver_USART.o)
 .text.ARM_USART0_Receive
                0x0000000000010e68       0x3c platform/libplatform_s.a(Driver_USART.o)
 .text.ARM_USARTx_Send.constprop.0
                0x0000000000010ea4       0x78 platform/libplatform_s.a(Driver_USART.o)
 .text.ARM_USART0_Control
                0x0000000000010f1c      0x190 platform/libplatform_s.a(Driver_USART.o)
 .text.ARM_USART0_Initialize
                0x00000000000110ac       0x70 platform/libplatform_s.a(Driver_USART.o)
 .text.nrf_gpio_pin_port_decode
                0x000000000001111c       0x24 platform/libplatform_s.a(nrfx_uarte.o)
 .text.on_rx_disabled
                0x0000000000011140       0x64 platform/libplatform_s.a(nrfx_uarte.o)
 .text.nrfx_coredep_delay_us.part.0
                0x00000000000111a4       0x20 platform/libplatform_s.a(nrfx_uarte.o)
 .text.nrf_gpio_cfg_input.constprop.0
                0x00000000000111c4       0x28 platform/libplatform_s.a(nrfx_uarte.o)
 .text.blocking_tx
                0x00000000000111ec      0x1b8 platform/libplatform_s.a(nrfx_uarte.o)
 .text.nrf_gpio_cfg_output
                0x00000000000113a4       0x2c platform/libplatform_s.a(nrfx_uarte.o)
 .text.nrf_gpio_cfg_default
                0x00000000000113d0       0x2c platform/libplatform_s.a(nrfx_uarte.o)
 .text.uarte_configure
                0x00000000000113fc      0x190 platform/libplatform_s.a(nrfx_uarte.o)
 .text.nrfx_uarte_init
                0x000000000001158c      0x15c platform/libplatform_s.a(nrfx_uarte.o)
                0x000000000001158c                nrfx_uarte_init
 .text.nrfx_uarte_tx
                0x00000000000116e8       0xd8 platform/libplatform_s.a(nrfx_uarte.o)
                0x00000000000116e8                nrfx_uarte_tx
 .text.nrfx_uarte_tx_abort
                0x00000000000117c0       0xb8 platform/libplatform_s.a(nrfx_uarte.o)
                0x00000000000117c0                nrfx_uarte_tx_abort
 .text.nrfx_uarte_rx_enable
                0x0000000000011878      0x144 platform/libplatform_s.a(nrfx_uarte.o)
                0x0000000000011878                nrfx_uarte_rx_enable
 .text.nrfx_uarte_rx_buffer_set
                0x00000000000119bc      0x138 platform/libplatform_s.a(nrfx_uarte.o)
                0x00000000000119bc                nrfx_uarte_rx_buffer_set
 .text.nrfx_uarte_rx_abort
                0x0000000000011af4      0x108 platform/libplatform_s.a(nrfx_uarte.o)
                0x0000000000011af4                nrfx_uarte_rx_abort
 .text.nrfx_uarte_uninit
                0x0000000000011bfc       0xcc platform/libplatform_s.a(nrfx_uarte.o)
                0x0000000000011bfc                nrfx_uarte_uninit
 .text.nrfx_uarte_rx_ready
                0x0000000000011cc8       0x44 platform/libplatform_s.a(nrfx_uarte.o)
                0x0000000000011cc8                nrfx_uarte_rx_ready
 .text.nrfx_uarte_rx
                0x0000000000011d0c       0x74 platform/libplatform_s.a(nrfx_uarte.o)
                0x0000000000011d0c                nrfx_uarte_rx
 .text.nrfx_critical_section_enter
                0x0000000000011d80       0x10 platform/libplatform_s.a(nrfx_glue.o)
                0x0000000000011d80                nrfx_critical_section_enter
 .text.nrfx_critical_section_exit
                0x0000000000011d90       0x14 platform/libplatform_s.a(nrfx_glue.o)
                0x0000000000011d90                nrfx_critical_section_exit
 .text.mpu_armv8m_enable
                0x0000000000011da4       0x34 platform/libplatform_s.a(mpu_armv8m_drv.o)
                0x0000000000011da4                mpu_armv8m_enable
 .text.spu_enable_interrupts
                0x0000000000011dd8       0x10 platform/libplatform_s.a(spu.o)
                0x0000000000011dd8                spu_enable_interrupts
 .text.spu_events_get
                0x0000000000011de8       0x28 platform/libplatform_s.a(spu.o)
                0x0000000000011de8                spu_events_get
 .text.spu_clear_events
                0x0000000000011e10       0x24 platform/libplatform_s.a(spu.o)
                0x0000000000011e10                spu_clear_events
 .text.spu_regions_reset_unlocked_secure
                0x0000000000011e34       0x48 platform/libplatform_s.a(spu.o)
                0x0000000000011e34                spu_regions_reset_unlocked_secure
 .text.spu_regions_flash_config
                0x0000000000011e7c       0x2c platform/libplatform_s.a(spu.o)
                0x0000000000011e7c                spu_regions_flash_config
 .text.spu_regions_sram_config
                0x0000000000011ea8       0x34 platform/libplatform_s.a(spu.o)
                0x0000000000011ea8                spu_regions_sram_config
 .text.spu_regions_flash_config_non_secure_callable
                0x0000000000011edc       0x30 platform/libplatform_s.a(spu.o)
                0x0000000000011edc                spu_regions_flash_config_non_secure_callable
 .text.spu_regions_sram_get_last_address_in_region
                0x0000000000011f0c        0xc platform/libplatform_s.a(spu.o)
                0x0000000000011f0c                spu_regions_sram_get_last_address_in_region
 .text.spu_peripheral_config_secure
                0x0000000000011f18       0x1c platform/libplatform_s.a(spu.o)
                0x0000000000011f18                spu_peripheral_config_secure
 .text.spu_peripheral_config_non_secure
                0x0000000000011f34       0x18 platform/libplatform_s.a(spu.o)
                0x0000000000011f34                spu_peripheral_config_non_secure
 .text.nrf_exception_info_store_context
                0x0000000000011f4c       0x20 platform/libplatform_s.a(nrf_exception_info.o)
                0x0000000000011f4c                nrf_exception_info_store_context
 .text.nrf_exception_info_get_context
                0x0000000000011f6c        0xc platform/libplatform_s.a(nrf_exception_info.o)
                0x0000000000011f6c                nrf_exception_info_get_context
 .text.tfm_hal_platform_init
                0x0000000000011f78       0x44 platform/libplatform_s.a(tfm_hal_platform.o)
                0x0000000000011f78                tfm_hal_platform_init
 .text.ns_fault_service_set_handler
                0x0000000000011fbc       0x14 platform/libplatform_s.a(ns_fault_service.o)
                0x0000000000011fbc                ns_fault_service_set_handler
 .text.call_ns_callback
                0x0000000000011fd0       0xa8 platform/libplatform_s.a(ns_fault_service.o)
                0x0000000000011fd0                call_ns_callback
 .text.ns_fault_service_call_handler
                0x0000000000012078       0x34 platform/libplatform_s.a(ns_fault_service.o)
                0x0000000000012078                ns_fault_service_call_handler
 .text.tfm_platform_hal_system_reset
                0x00000000000120ac       0x24 platform/libplatform_s.a(tfm_platform_system.o)
                0x00000000000120ac                tfm_platform_hal_system_reset
 .text.tfm_platform_hal_read_service
                0x00000000000120d0       0x60 platform/libplatform_s.a(tfm_platform_hal_ioctl.o)
                0x00000000000120d0                tfm_platform_hal_read_service
 .text.tfm_platform_hal_gpio_service
                0x0000000000012130       0x88 platform/libplatform_s.a(tfm_platform_hal_ioctl.o)
                0x0000000000012130                tfm_platform_hal_gpio_service
 .text.tfm_hal_output_spm_log
                0x00000000000121b8        0x4 platform/libplatform_s.a(tfm_hal_spm_logdev_peripheral.o)
                0x00000000000121b8                tfm_hal_output_spm_log
 .text.ARM_USART_GetCapabilities
                0x00000000000121bc        0x4 platform/libplatform_s.a(Driver_USART.o)
 .text.ARM_USART_Transfer
                0x00000000000121c0        0x6 platform/libplatform_s.a(Driver_USART.o)
 .text.ARM_USART_GetStatus
                0x00000000000121c6        0xc platform/libplatform_s.a(Driver_USART.o)
 .text.ARM_USART_SetModemControl
                0x00000000000121d2        0x6 platform/libplatform_s.a(Driver_USART.o)
 .text.ARM_USART_GetModemStatus
                0x00000000000121d8        0xc platform/libplatform_s.a(Driver_USART.o)
 .text.ARM_USART0_PowerControl
                0x00000000000121e4        0xc platform/libplatform_s.a(Driver_USART.o)
 .text.ARM_USART0_Send
                0x00000000000121f0        0x4 platform/libplatform_s.a(Driver_USART.o)
 .text.uart_config_set_uart_pins
                0x00000000000121f4       0x3c platform/libplatform_s.a(Driver_USART.o)
                0x00000000000121f4                uart_config_set_uart_pins
 .text.is_tx_ready
                0x0000000000012230       0x1a platform/libplatform_s.a(nrfx_uarte.o)
 .text.user_handler
                0x000000000001224a       0x22 platform/libplatform_s.a(nrfx_uarte.o)
 .text.user_handler_on_rx_done
                0x000000000001226c       0x28 platform/libplatform_s.a(nrfx_uarte.o)
 .text.disable_hw_from_rx
                0x0000000000012294       0x24 platform/libplatform_s.a(nrfx_uarte.o)
 .text.rx_flush.part.0
                0x00000000000122b8       0x66 platform/libplatform_s.a(nrfx_uarte.o)
 .text.disable_hw_from_tx
                0x000000000001231e       0x16 platform/libplatform_s.a(nrfx_uarte.o)
 .text.tx_prepare_start.isra.0
                0x0000000000012334       0x7e platform/libplatform_s.a(nrfx_uarte.o)
 .text.mpu_armv8m_region_enable
                0x00000000000123b2       0x6a platform/libplatform_s.a(mpu_armv8m_drv.o)
                0x00000000000123b2                mpu_armv8m_region_enable
 .text.mpu_armv8m_region_disable
                0x000000000001241c       0x14 platform/libplatform_s.a(mpu_armv8m_drv.o)
                0x000000000001241c                mpu_armv8m_region_disable
 .text.mpu_armv8m_clean
                0x0000000000012430       0x22 platform/libplatform_s.a(mpu_armv8m_drv.o)
                0x0000000000012430                mpu_armv8m_clean
 .text.spu_regions_flash_get_base_address_in_region
                0x0000000000012452        0x4 platform/libplatform_s.a(spu.o)
                0x0000000000012452                spu_regions_flash_get_base_address_in_region
 .text.spu_regions_flash_get_last_address_in_region
                0x0000000000012456        0xa platform/libplatform_s.a(spu.o)
                0x0000000000012456                spu_regions_flash_get_last_address_in_region
 .text.spu_regions_flash_get_start_id
                0x0000000000012460        0x4 platform/libplatform_s.a(spu.o)
                0x0000000000012460                spu_regions_flash_get_start_id
 .text.spu_regions_flash_get_last_id
                0x0000000000012464        0x4 platform/libplatform_s.a(spu.o)
                0x0000000000012464                spu_regions_flash_get_last_id
 .text.spu_regions_flash_get_region_size
                0x0000000000012468        0x6 platform/libplatform_s.a(spu.o)
                0x0000000000012468                spu_regions_flash_get_region_size
 .text.spu_regions_sram_get_base_address_in_region
                0x000000000001246e        0xa platform/libplatform_s.a(spu.o)
                0x000000000001246e                spu_regions_sram_get_base_address_in_region
 .text.spu_regions_sram_get_start_id
                0x0000000000012478        0x4 platform/libplatform_s.a(spu.o)
                0x0000000000012478                spu_regions_sram_get_start_id
 .text.spu_regions_sram_get_last_id
                0x000000000001247c        0x4 platform/libplatform_s.a(spu.o)
                0x000000000001247c                spu_regions_sram_get_last_id
 .text.spu_regions_sram_get_region_size
                0x0000000000012480        0x6 platform/libplatform_s.a(spu.o)
                0x0000000000012480                spu_regions_sram_get_region_size
 .text.tfm_plat_otp_init
                0x0000000000012486        0x4 platform/libplatform_s.a(dummy_otp.o)
                0x0000000000012486                tfm_plat_otp_init
 .text.tfm_hal_system_halt
                0x000000000001248a        0xc platform/libplatform_s.a(tfm_hal_reset_halt.o)
                0x000000000001248a                tfm_hal_system_halt
 .text.tfm_plat_provisioning_is_required
                0x0000000000012496        0x4 platform/libplatform_s.a(dummy_provisioning.o)
                0x0000000000012496                tfm_plat_provisioning_is_required
 .text.tfm_plat_provisioning_perform
                0x000000000001249a        0x4 platform/libplatform_s.a(dummy_provisioning.o)
                0x000000000001249a                tfm_plat_provisioning_perform
 .text.tfm_plat_provisioning_check_for_dummy_keys
                0x000000000001249e        0x2 platform/libplatform_s.a(dummy_provisioning.o)
                0x000000000001249e                tfm_plat_provisioning_check_for_dummy_keys
 .text.tfm_platform_hal_ioctl
                0x00000000000124a0       0x7c platform/libplatform_s.a(tfm_platform_system.o)
                0x00000000000124a0                tfm_platform_hal_ioctl
 *libtfm_spm*:(SORT_BY_ALIGNMENT(.text*))
 .text.spm_log_msgval
                0x000000000001251c       0x58 secure_fw/spm/libtfm_spm.a(spm_log.o)
                0x000000000001251c                spm_log_msgval
 .text.startup.main
                0x0000000000012574       0x68 secure_fw/spm/libtfm_spm.a(main.o)
                0x0000000000012574                main
 .text.spm_associate_call_params
                0x00000000000125dc      0x16c secure_fw/spm/libtfm_spm.a(psa_call_api.o)
                0x00000000000125dc                spm_associate_call_params
 .text.tfm_spm_partition_psa_read
                0x0000000000012748       0x74 secure_fw/spm/libtfm_spm.a(psa_read_write_skip_api.o)
                0x0000000000012748                tfm_spm_partition_psa_read
 .text.tfm_spm_partition_psa_write
                0x00000000000127bc       0x74 secure_fw/spm/libtfm_spm.a(psa_read_write_skip_api.o)
                0x00000000000127bc                tfm_spm_partition_psa_write
 .text.spm_thread_fn
                0x0000000000012830       0x4c secure_fw/spm/libtfm_spm.a(backend_sfn.o)
 .text.backend_messaging
                0x000000000001287c       0x50 secure_fw/spm/libtfm_spm.a(backend_sfn.o)
                0x000000000001287c                backend_messaging
 .text.backend_replying
                0x00000000000128cc       0x10 secure_fw/spm/libtfm_spm.a(backend_sfn.o)
                0x00000000000128cc                backend_replying
 .text.backend_init_comp_assuredly
                0x00000000000128dc       0x5c secure_fw/spm/libtfm_spm.a(backend_sfn.o)
                0x00000000000128dc                backend_init_comp_assuredly
 .text.spm_svc_handler
                0x0000000000012938       0x88 secure_fw/spm/libtfm_spm.a(tfm_svcalls.o)
                0x0000000000012938                spm_svc_handler
 .text.SVC_Handler
                0x00000000000129c0       0x68 secure_fw/spm/libtfm_spm.a(tfm_arch_v8m_main.o)
                0x00000000000129c0                SVC_Handler
 .text.tfm_arch_set_secure_exception_priorities
                0x0000000000012a28       0x28 secure_fw/spm/libtfm_spm.a(tfm_arch_v8m_main.o)
                0x0000000000012a28                tfm_arch_set_secure_exception_priorities
 .text.ns_agent_tz_main
                0x0000000000012a50       0x30 secure_fw/spm/libtfm_spm.a(ns_agent_tz_v80m.o)
                0x0000000000012a50                ns_agent_tz_main
 .text.tfm_hal_bind_boundary
                0x0000000000012a80       0x78 secure_fw/spm/libtfm_spm.a(tfm_hal_isolation.o)
                0x0000000000012a80                tfm_hal_bind_boundary
 .text.mpu_init_cfg
                0x0000000000012af8       0xf0 secure_fw/spm/libtfm_spm.a(tfm_hal_isolation.o)
                0x0000000000012af8                mpu_init_cfg
 .text.tfm_hal_get_ns_VTOR
                0x0000000000012be8        0xc secure_fw/spm/libtfm_spm.a(tfm_hal_platform_common.o)
                0x0000000000012be8                tfm_hal_get_ns_VTOR
 .text.tfm_hal_get_ns_MSP
                0x0000000000012bf4        0xc secure_fw/spm/libtfm_spm.a(tfm_hal_platform_common.o)
                0x0000000000012bf4                tfm_hal_get_ns_MSP
 .text.tfm_hal_get_ns_entry_point
                0x0000000000012c00        0xc secure_fw/spm/libtfm_spm.a(tfm_hal_platform_common.o)
                0x0000000000012c00                tfm_hal_get_ns_entry_point
 .text.SPU_Handler
                0x0000000000012c0c       0x3c secure_fw/spm/libtfm_spm.a(faults.o)
                0x0000000000012c0c                SPU_Handler
 .text.nrf_gpio_pin_control_select.constprop.0
                0x0000000000012c48       0x1c secure_fw/spm/libtfm_spm.a(target_cfg.o)
 .text.enable_fault_handlers
                0x0000000000012c64       0x14 secure_fw/spm/libtfm_spm.a(target_cfg.o)
                0x0000000000012c64                enable_fault_handlers
 .text.system_reset_cfg
                0x0000000000012c78       0x18 secure_fw/spm/libtfm_spm.a(target_cfg.o)
                0x0000000000012c78                system_reset_cfg
 .text.init_debug
                0x0000000000012c90       0x28 secure_fw/spm/libtfm_spm.a(target_cfg.o)
                0x0000000000012c90                init_debug
 .text.nvic_interrupt_target_state_cfg
                0x0000000000012cb8       0x40 secure_fw/spm/libtfm_spm.a(target_cfg.o)
                0x0000000000012cb8                nvic_interrupt_target_state_cfg
 .text.nvic_interrupt_enable
                0x0000000000012cf8       0x18 secure_fw/spm/libtfm_spm.a(target_cfg.o)
                0x0000000000012cf8                nvic_interrupt_enable
 .text.sau_and_idau_cfg
                0x0000000000012d10       0x20 secure_fw/spm/libtfm_spm.a(target_cfg.o)
                0x0000000000012d10                sau_and_idau_cfg
 .text.spu_init_cfg
                0x0000000000012d30       0x80 secure_fw/spm/libtfm_spm.a(target_cfg.o)
                0x0000000000012d30                spu_init_cfg
 .text.spu_periph_init_cfg
                0x0000000000012db0       0x60 secure_fw/spm/libtfm_spm.a(target_cfg.o)
                0x0000000000012db0                spu_periph_init_cfg
 .text.tfm_core_validate_boot_data
                0x0000000000012e10        0xc secure_fw/spm/libtfm_spm.a(tfm_boot_data.o)
                0x0000000000012e10                tfm_core_validate_boot_data
 .text.tfm_core_get_boot_data_handler
                0x0000000000012e1c       0x34 secure_fw/spm/libtfm_spm.a(tfm_boot_data.o)
                0x0000000000012e1c                tfm_core_get_boot_data_handler
 .text.tfm_arch_init_context
                0x0000000000012e50       0x5c secure_fw/spm/libtfm_spm.a(tfm_arch.o)
                0x0000000000012e50                tfm_arch_init_context
 .text.tfm_spm_get_service_by_sid
                0x0000000000012eac       0x2c secure_fw/spm/libtfm_spm.a(spm_ipc.o)
                0x0000000000012eac                tfm_spm_get_service_by_sid
 .text.tfm_spm_check_authorization
                0x0000000000012ed8       0x44 secure_fw/spm/libtfm_spm.a(spm_ipc.o)
                0x0000000000012ed8                tfm_spm_check_authorization
 .text.spm_init_connection
                0x0000000000012f1c       0x30 secure_fw/spm/libtfm_spm.a(spm_ipc.o)
                0x0000000000012f1c                spm_init_connection
 .text.tfm_spm_partition_get_running_partition_id
                0x0000000000012f4c       0x18 secure_fw/spm/libtfm_spm.a(spm_ipc.o)
                0x0000000000012f4c                tfm_spm_partition_get_running_partition_id
 .text.tfm_spm_is_ns_caller
                0x0000000000012f64       0x20 secure_fw/spm/libtfm_spm.a(spm_ipc.o)
                0x0000000000012f64                tfm_spm_is_ns_caller
 .text.spm_get_connection
                0x0000000000012f84       0x78 secure_fw/spm/libtfm_spm.a(spm_ipc.o)
                0x0000000000012f84                spm_get_connection
 .text.tfm_spm_init
                0x0000000000012ffc       0x64 secure_fw/spm/libtfm_spm.a(spm_ipc.o)
                0x0000000000012ffc                tfm_spm_init
 .text.load_a_partition_assuredly
                0x0000000000013060       0xc8 secure_fw/spm/libtfm_spm.a(rom_loader.o)
                0x0000000000013060                load_a_partition_assuredly
 .text.load_services_assuredly
                0x0000000000013128       0xb4 secure_fw/spm/libtfm_spm.a(rom_loader.o)
                0x0000000000013128                load_services_assuredly
 .text.tfm_nspm_ctx_init
                0x00000000000131dc       0x18 secure_fw/spm/libtfm_spm.a(tfm_spm_ns_ctx.o)
                0x00000000000131dc                tfm_nspm_ctx_init
 .text.tfm_core_panic
                0x00000000000131f4        0x4 secure_fw/spm/libtfm_spm.a(utilities.o)
                0x00000000000131f4                tfm_core_panic
 .text.spm_handle_programmer_errors
                0x00000000000131f8       0x18 secure_fw/spm/libtfm_spm.a(psa_api.o)
                0x00000000000131f8                spm_handle_programmer_errors
 .text.tfm_spm_partition_psa_reply
                0x0000000000013210       0x9a secure_fw/spm/libtfm_spm.a(psa_api.o)
                0x0000000000013210                tfm_spm_partition_psa_reply
 .text.tfm_spm_partition_psa_panic
                0x00000000000132aa        0xc secure_fw/spm/libtfm_spm.a(psa_api.o)
                0x00000000000132aa                tfm_spm_partition_psa_panic
 .text.tfm_spm_client_psa_call
                0x00000000000132b6       0x4e secure_fw/spm/libtfm_spm.a(psa_call_api.o)
                0x00000000000132b6                tfm_spm_client_psa_call
 .text.tfm_spm_client_psa_framework_version
                0x0000000000013304        0x6 secure_fw/spm/libtfm_spm.a(psa_version_api.o)
                0x0000000000013304                tfm_spm_client_psa_framework_version
 .text.tfm_spm_client_psa_version
                0x000000000001330a       0x2c secure_fw/spm/libtfm_spm.a(psa_version_api.o)
                0x000000000001330a                tfm_spm_client_psa_version
 .text.backend_system_run
                0x0000000000013336        0x6 secure_fw/spm/libtfm_spm.a(backend_sfn.o)
                0x0000000000013336                backend_system_run
 .text.tfm_core_handler_mode
                0x000000000001333c        0x4 secure_fw/spm/libtfm_spm.a(tfm_svcalls.o)
                0x000000000001333c                tfm_core_handler_mode
 .text.connection_to_handle
                0x0000000000013340        0x6 secure_fw/spm/libtfm_spm.a(spm_local_connection.o)
                0x0000000000013340                connection_to_handle
 .text.handle_to_connection
                0x0000000000013346       0x12 secure_fw/spm/libtfm_spm.a(spm_local_connection.o)
                0x0000000000013346                handle_to_connection
 .text.spm_init_connection_space
                0x0000000000013358        0x2 secure_fw/spm/libtfm_spm.a(spm_local_connection.o)
                0x0000000000013358                spm_init_connection_space
 .text.spm_allocate_connection
                0x000000000001335a        0xe secure_fw/spm/libtfm_spm.a(spm_local_connection.o)
                0x000000000001335a                spm_allocate_connection
 .text.spm_validate_connection
                0x0000000000013368        0x4 secure_fw/spm/libtfm_spm.a(spm_local_connection.o)
                0x0000000000013368                spm_validate_connection
 .text.spm_free_connection
                0x000000000001336c        0xc secure_fw/spm/libtfm_spm.a(spm_local_connection.o)
                0x000000000001336c                spm_free_connection
 .text.tfm_arch_config_extensions
                0x0000000000013378        0x2 secure_fw/spm/libtfm_spm.a(tfm_arch_v8m_main.o)
                0x0000000000013378                tfm_arch_config_extensions
 .text.tfm_hal_memory_check
                0x000000000001337a      0x126 secure_fw/spm/libtfm_spm.a(tfm_hal_isolation.o)
                0x000000000001337a                tfm_hal_memory_check
 .text.tfm_hal_set_up_static_boundaries
                0x00000000000134a0       0x2a secure_fw/spm/libtfm_spm.a(tfm_hal_isolation.o)
                0x00000000000134a0                tfm_hal_set_up_static_boundaries
 .text.tfm_hal_platform_common_init
                0x00000000000134ca       0x36 secure_fw/spm/libtfm_spm.a(tfm_hal_platform_common.o)
                0x00000000000134ca                tfm_hal_platform_common_init
 .text.SPU_IRQHandler
                0x0000000000013500       0x1c secure_fw/spm/libtfm_spm.a(faults.o)
                0x0000000000013500                SPU_IRQHandler
 .text.tfm_arch_free_msp_and_exc_ret
                0x000000000001351c        0x8 secure_fw/spm/libtfm_spm.a(tfm_arch.o)
                0x000000000001351c                tfm_arch_free_msp_and_exc_ret
 .text.tfm_arch_refresh_hardware_context
                0x0000000000013524       0x16 secure_fw/spm/libtfm_spm.a(tfm_arch.o)
                0x0000000000013524                tfm_arch_refresh_hardware_context
 .text.tfm_spm_check_client_version
                0x000000000001353a       0x24 secure_fw/spm/libtfm_spm.a(spm_ipc.o)
                0x000000000001353a                tfm_spm_check_client_version
 .text.spm_msg_handle_to_connection
                0x000000000001355e       0x28 secure_fw/spm/libtfm_spm.a(spm_ipc.o)
                0x000000000001355e                spm_msg_handle_to_connection
 .text.tfm_spm_get_client_id
                0x0000000000013586       0x20 secure_fw/spm/libtfm_spm.a(spm_ipc.o)
                0x0000000000013586                tfm_spm_get_client_id
 .text.update_caller_outvec_len
                0x00000000000135a6       0x1e secure_fw/spm/libtfm_spm.a(spm_ipc.o)
                0x00000000000135a6                update_caller_outvec_len
 .text.load_irqs_assuredly
                0x00000000000135c4        0x2 secure_fw/spm/libtfm_spm.a(rom_loader.o)
                0x00000000000135c4                load_irqs_assuredly
 .text.tfm_nspm_get_current_client_id
                0x00000000000135c6        0x6 secure_fw/spm/libtfm_spm.a(tfm_spm_ns_ctx.o)
                0x00000000000135c6                tfm_nspm_get_current_client_id
 *libplatform_s*:*(.rodata*)
 .rodata.CSWTCH.19
                0x00000000000135cc        0x4 platform/libplatform_s.a(system_nrf5340_application.o)
 .rodata.CSWTCH.7
                0x00000000000135d0        0x4 platform/libplatform_s.a(system_nrf5340_application.o)
 .rodata.CSWTCH.5
                0x00000000000135d4        0x4 platform/libplatform_s.a(system_nrf5340_application.o)
 .rodata.store_and_dump_context.str1.1
                0x00000000000135d8       0x8b platform/libplatform_s.a(exception_info.o)
 *fill*         0x0000000000013663        0x1 
 .rodata.Driver_USART0
                0x0000000000013664       0x38 platform/libplatform_s.a(Driver_USART.o)
                0x0000000000013664                Driver_USART0
 .rodata.UART0_pins
                0x000000000001369c       0x10 platform/libplatform_s.a(Driver_USART.o)
 .rodata.DriverVersion
                0x00000000000136ac        0x4 platform/libplatform_s.a(Driver_USART.o)
 *fill*         0x00000000000136b0        0x0 
 .rodata.delay_machine_code.0
                0x00000000000136b0        0x6 platform/libplatform_s.a(nrfx_uarte.o)
 .rodata.nrf_exception_info_store_context.str1.1
                0x00000000000136b6       0x16 platform/libplatform_s.a(nrf_exception_info.o)
 .rodata.tfm_hal_platform_init.str1.1
                0x00000000000136cc       0x2e platform/libplatform_s.a(tfm_hal_platform.o)
 *fill*         0x00000000000136fa        0x2 
 .rodata.ranges
                0x00000000000136fc       0x28 platform/libplatform_s.a(tfm_platform_hal_ioctl.o)
 *libtfm_spm*:*(.rodata*)
 .rodata.HEX_TABLE
                0x0000000000013724       0x10 secure_fw/spm/libtfm_spm.a(spm_log.o)
 .rodata.main.str1.1
                0x0000000000013734       0x56 secure_fw/spm/libtfm_spm.a(main.o)
 .rodata.spm_svc_handler.str1.1
                0x000000000001378a       0x3b secure_fw/spm/libtfm_spm.a(tfm_svcalls.o)
 *fill*         0x00000000000137c5        0x3 
 .rodata.target_peripherals.0
                0x00000000000137c8       0xa0 secure_fw/spm/libtfm_spm.a(target_cfg.o)
 .rodata.memory_regions
                0x0000000000013868       0x1c secure_fw/spm/libtfm_spm.a(target_cfg.o)
                0x0000000000013868                memory_regions
 .rodata.serv_pool_ea
                0x0000000000013884        0x4 secure_fw/spm/libtfm_spm.a(rom_loader.o)
 .rodata.part_pool_ea
                0x0000000000013888        0x4 secure_fw/spm/libtfm_spm.a(rom_loader.o)
 .rodata.ldinf_ea
                0x000000000001388c        0x4 secure_fw/spm/libtfm_spm.a(rom_loader.o)

.TFM_UNPRIV_CODE
                0x00000000000138a0     0x2780
 *(SFN)
 SFN            0x00000000000138a0       0x8c secure_fw/CMakeFiles/tfm_s.dir/partitions/ns_agent_tz/psa_api_veneers_v80m.o
                0x00000000000138a0                __acle_se_tfm_psa_framework_version_veneer
                0x00000000000138be                __acle_se_tfm_psa_version_veneer
                0x00000000000138dc                __acle_se_tfm_psa_call_veneer
                0x0000000000013904                __acle_se_tfm_psa_connect_veneer
                0x0000000000013916                __acle_se_tfm_psa_close_veneer
 *(SORT_BY_ALIGNMENT(.text*))
 .text          0x000000000001392c       0x88 /home/sword/ncs/toolchains/e9dba88316/opt/zephyr-sdk/arm-zephyr-eabi/bin/../lib/gcc/arm-zephyr-eabi/12.2.0/thumb/v8-m.main/nofp/crtbegin.o
 .text          0x00000000000139b4       0x7c /home/sword/ncs/toolchains/e9dba88316/opt/zephyr-sdk/arm-zephyr-eabi/bin/../lib/gcc/arm-zephyr-eabi/12.2.0/../../../../arm-zephyr-eabi/lib/thumb/v8-m.main/nofp/crt0.o
                0x00000000000139b4                _stack_init
                0x00000000000139bc                _mainCRTStartup
                0x00000000000139bc                _start
 .text.tfm_psa_call_pack
                0x0000000000013a30       0x54 secure_fw/partitions/lib/runtime/libtfm_sprt.a(psa_interface_sfn.o)
                0x0000000000013a30                tfm_psa_call_pack
 .text.verify_header
                0x0000000000013a84       0x40 secure_fw/partitions/crypto/mbedcrypto/nrf_security_src/libcrypto_service_mbedcrypto.a(memory_buffer_alloc.o)
 .text.verify_chain
                0x0000000000013ac4       0x3c secure_fw/partitions/crypto/mbedcrypto/nrf_security_src/libcrypto_service_mbedcrypto.a(memory_buffer_alloc.o)
 .text.buffer_alloc_calloc
                0x0000000000013b00       0xf4 secure_fw/partitions/crypto/mbedcrypto/nrf_security_src/libcrypto_service_mbedcrypto.a(memory_buffer_alloc.o)
 .text.buffer_alloc_free
                0x0000000000013bf4       0xe8 secure_fw/partitions/crypto/mbedcrypto/nrf_security_src/libcrypto_service_mbedcrypto.a(memory_buffer_alloc.o)
 .text.mbedtls_memory_buffer_alloc_init
                0x0000000000013cdc       0x64 secure_fw/partitions/crypto/mbedcrypto/nrf_security_src/libcrypto_service_mbedcrypto.a(memory_buffer_alloc.o)
                0x0000000000013cdc                mbedtls_memory_buffer_alloc_init
 .text.mbedtls_free
                0x0000000000013d40        0xc secure_fw/partitions/crypto/mbedcrypto/nrf_security_src/libcrypto_service_mbedcrypto.a(platform.o)
                0x0000000000013d40                mbedtls_free
 .text.mbedtls_platform_set_calloc_free
                0x0000000000013d4c       0x14 secure_fw/partitions/crypto/mbedcrypto/nrf_security_src/libcrypto_service_mbedcrypto.a(platform.o)
                0x0000000000013d4c                mbedtls_platform_set_calloc_free
 .text.mbedtls_platform_zeroize
                0x0000000000013d60       0x18 secure_fw/partitions/crypto/mbedcrypto/nrf_security_src/libcrypto_service_mbedcrypto.a(platform_util.o)
                0x0000000000013d60                mbedtls_platform_zeroize
 .text.mbedcrypto__psa_generate_random
                0x0000000000013d78       0x1c secure_fw/partitions/crypto/mbedcrypto/nrf_security_src/libcrypto_service_mbedcrypto.a(psa_crypto.o)
                0x0000000000013d78                mbedcrypto__psa_generate_random
 .text.mbedtls_psa_crypto_free
                0x0000000000013d94       0x24 secure_fw/partitions/crypto/mbedcrypto/nrf_security_src/libcrypto_service_mbedcrypto.a(psa_crypto.o)
                0x0000000000013d94                mbedtls_psa_crypto_free
 .text.mbedcrypto__psa_crypto_init
                0x0000000000013db8       0x38 secure_fw/partitions/crypto/mbedcrypto/nrf_security_src/libcrypto_service_mbedcrypto.a(psa_crypto.o)
                0x0000000000013db8                mbedcrypto__psa_crypto_init
 .text.psa_initialize_key_slots
                0x0000000000013df0       0x10 secure_fw/partitions/crypto/mbedcrypto/nrf_security_src/libcrypto_service_mbedcrypto.a(psa_crypto_slot_management.o)
                0x0000000000013df0                psa_initialize_key_slots
 .text.psa_wipe_all_key_slots
                0x0000000000013e00       0x24 secure_fw/partitions/crypto/mbedcrypto/nrf_security_src/libcrypto_service_mbedcrypto.a(psa_crypto_slot_management.o)
                0x0000000000013e00                psa_wipe_all_key_slots
 .text.nrf_cc3xx_platform_init_hmac_drbg
                0x0000000000013e24       0x44 /home/sword/ncs/v2.7.0/nrfxlib/crypto/nrf_cc312_platform/lib/cortex-m33/soft-float/no-interrupts/libnrf_cc312_platform_0.9.19.a(nrf_cc3xx_platform.c.obj)
                0x0000000000013e24                nrf_cc3xx_platform_init_hmac_drbg
 .text.nrf_cc3xx_platform_hmac_drbg_init
                0x0000000000013e68       0x60 /home/sword/ncs/v2.7.0/nrfxlib/crypto/nrf_cc312_platform/lib/cortex-m33/soft-float/no-interrupts/libnrf_cc312_platform_0.9.19.a(nrf_cc3xx_platform_hmac_drbg.c.obj)
                0x0000000000013e68                nrf_cc3xx_platform_hmac_drbg_init
 .text.nrf_cc3xx_platform_hmac_drbg_get
                0x0000000000013ec8       0x44 /home/sword/ncs/v2.7.0/nrfxlib/crypto/nrf_cc312_platform/lib/cortex-m33/soft-float/no-interrupts/libnrf_cc312_platform_0.9.19.a(nrf_cc3xx_platform_hmac_drbg.c.obj)
                0x0000000000013ec8                nrf_cc3xx_platform_hmac_drbg_get
 .text.mbedtls_zeroize_internal
                0x0000000000013f0c       0x14 /home/sword/ncs/v2.7.0/nrfxlib/crypto/nrf_cc312_platform/lib/cortex-m33/soft-float/no-interrupts/libnrf_cc312_platform_0.9.19.a(mbedtls_common.c.obj)
                0x0000000000013f0c                mbedtls_zeroize_internal
 .text.cc_mbedtls_platform_zeroize
                0x0000000000013f20       0x14 /home/sword/ncs/v2.7.0/nrfxlib/crypto/nrf_cc312_platform/lib/cortex-m33/soft-float/no-interrupts/libnrf_cc312_platform_0.9.19.a(mbedtls_common.c.obj)
                0x0000000000013f20                cc_mbedtls_platform_zeroize
 .text.entropy_update
                0x0000000000013f34       0x7c /home/sword/ncs/v2.7.0/nrfxlib/crypto/nrf_cc312_platform/lib/cortex-m33/soft-float/no-interrupts/libnrf_cc312_platform_0.9.19.a(custom_entropy.c.obj)
 .text.entropy_gather_internal.part.0
                0x0000000000013fb0       0x88 /home/sword/ncs/v2.7.0/nrfxlib/crypto/nrf_cc312_platform/lib/cortex-m33/soft-float/no-interrupts/libnrf_cc312_platform_0.9.19.a(custom_entropy.c.obj)
 .text.cc_mbedtls_entropy_init
                0x0000000000014038       0x84 /home/sword/ncs/v2.7.0/nrfxlib/crypto/nrf_cc312_platform/lib/cortex-m33/soft-float/no-interrupts/libnrf_cc312_platform_0.9.19.a(custom_entropy.c.obj)
                0x0000000000014038                cc_mbedtls_entropy_init
 .text.cc_mbedtls_entropy_func
                0x00000000000140bc      0x110 /home/sword/ncs/v2.7.0/nrfxlib/crypto/nrf_cc312_platform/lib/cortex-m33/soft-float/no-interrupts/libnrf_cc312_platform_0.9.19.a(custom_entropy.c.obj)
                0x00000000000140bc                cc_mbedtls_entropy_func
 .text.cc_hmac_sha256_starts.constprop.0
                0x00000000000141cc      0x108 /home/sword/ncs/v2.7.0/nrfxlib/crypto/nrf_cc312_platform/lib/cortex-m33/soft-float/no-interrupts/libnrf_cc312_platform_0.9.19.a(hmac_drbg_alt.c.obj)
 .text.cc_mbedtls_hmac_drbg_init
                0x00000000000142d4       0x28 /home/sword/ncs/v2.7.0/nrfxlib/crypto/nrf_cc312_platform/lib/cortex-m33/soft-float/no-interrupts/libnrf_cc312_platform_0.9.19.a(hmac_drbg_alt.c.obj)
                0x00000000000142d4                cc_mbedtls_hmac_drbg_init
 .text.cc_mbedtls_hmac_drbg_update
                0x00000000000142fc      0x170 /home/sword/ncs/v2.7.0/nrfxlib/crypto/nrf_cc312_platform/lib/cortex-m33/soft-float/no-interrupts/libnrf_cc312_platform_0.9.19.a(hmac_drbg_alt.c.obj)
                0x00000000000142fc                cc_mbedtls_hmac_drbg_update
 .text.cc_hmac_drbg_reseed_core
                0x000000000001446c       0xac /home/sword/ncs/v2.7.0/nrfxlib/crypto/nrf_cc312_platform/lib/cortex-m33/soft-float/no-interrupts/libnrf_cc312_platform_0.9.19.a(hmac_drbg_alt.c.obj)
 .text.cc_mbedtls_hmac_drbg_seed
                0x0000000000014518       0x54 /home/sword/ncs/v2.7.0/nrfxlib/crypto/nrf_cc312_platform/lib/cortex-m33/soft-float/no-interrupts/libnrf_cc312_platform_0.9.19.a(hmac_drbg_alt.c.obj)
                0x0000000000014518                cc_mbedtls_hmac_drbg_seed
 .text.cc_mbedtls_hmac_drbg_random_with_add
                0x000000000001456c      0x144 /home/sword/ncs/v2.7.0/nrfxlib/crypto/nrf_cc312_platform/lib/cortex-m33/soft-float/no-interrupts/libnrf_cc312_platform_0.9.19.a(hmac_drbg_alt.c.obj)
                0x000000000001456c                cc_mbedtls_hmac_drbg_random_with_add
 .text.RndStartupTest.constprop.0
                0x00000000000146b0       0xac /home/sword/ncs/v2.7.0/nrfxlib/crypto/nrf_cc312_platform/lib/cortex-m33/soft-float/no-interrupts/libnrf_cc312_platform_0.9.19.a(cc_lib.c.obj)
 .text.CC_LibInit_HMAC_DRBG
                0x000000000001475c       0x74 /home/sword/ncs/v2.7.0/nrfxlib/crypto/nrf_cc312_platform/lib/cortex-m33/soft-float/no-interrupts/libnrf_cc312_platform_0.9.19.a(cc_lib.c.obj)
                0x000000000001475c                CC_LibInit_HMAC_DRBG
 .text.CC_HalInit
                0x00000000000147d0        0x4 /home/sword/ncs/v2.7.0/nrfxlib/crypto/nrf_cc312_platform/lib/cortex-m33/soft-float/no-interrupts/libnrf_cc312_platform_0.9.19.a(cc_hal.c.obj)
                0x00000000000147d0                CC_HalInit
 .text.CC_HalClearInterruptBit
                0x00000000000147d4       0x1c /home/sword/ncs/v2.7.0/nrfxlib/crypto/nrf_cc312_platform/lib/cortex-m33/soft-float/no-interrupts/libnrf_cc312_platform_0.9.19.a(cc_hal.c.obj)
                0x00000000000147d4                CC_HalClearInterruptBit
 .text.CC_HalMaskInterrupt
                0x00000000000147f0        0xc /home/sword/ncs/v2.7.0/nrfxlib/crypto/nrf_cc312_platform/lib/cortex-m33/soft-float/no-interrupts/libnrf_cc312_platform_0.9.19.a(cc_hal.c.obj)
                0x00000000000147f0                CC_HalMaskInterrupt
 .text.CC_HalWaitInterrupt
                0x00000000000147fc        0xc /home/sword/ncs/v2.7.0/nrfxlib/crypto/nrf_cc312_platform/lib/cortex-m33/soft-float/no-interrupts/libnrf_cc312_platform_0.9.19.a(cc_hal.c.obj)
                0x00000000000147fc                CC_HalWaitInterrupt
 .text.CC_HalWaitInterruptRND
                0x0000000000014808        0xc /home/sword/ncs/v2.7.0/nrfxlib/crypto/nrf_cc312_platform/lib/cortex-m33/soft-float/no-interrupts/libnrf_cc312_platform_0.9.19.a(cc_hal.c.obj)
                0x0000000000014808                CC_HalWaitInterruptRND
 .text.CC_PalInit
                0x0000000000014814       0x5c /home/sword/ncs/v2.7.0/nrfxlib/crypto/nrf_cc312_platform/lib/cortex-m33/soft-float/no-interrupts/libnrf_cc312_platform_0.9.19.a(cc_pal.c.obj)
                0x0000000000014814                CC_PalInit
 .text.CC_PalTerminate
                0x0000000000014870       0x34 /home/sword/ncs/v2.7.0/nrfxlib/crypto/nrf_cc312_platform/lib/cortex-m33/soft-float/no-interrupts/libnrf_cc312_platform_0.9.19.a(cc_pal.c.obj)
                0x0000000000014870                CC_PalTerminate
 .text.CC_PalDmaInit
                0x00000000000148a4        0x4 /home/sword/ncs/v2.7.0/nrfxlib/crypto/nrf_cc312_platform/lib/cortex-m33/soft-float/no-interrupts/libnrf_cc312_platform_0.9.19.a(cc_pal_dma.c.obj)
                0x00000000000148a4                CC_PalDmaInit
 .text.CC_PalDmaTerminate
                0x00000000000148a8        0x4 /home/sword/ncs/v2.7.0/nrfxlib/crypto/nrf_cc312_platform/lib/cortex-m33/soft-float/no-interrupts/libnrf_cc312_platform_0.9.19.a(cc_pal_dma.c.obj)
                0x00000000000148a8                CC_PalDmaTerminate
 .text.CC_PalWaitInterruptRND
                0x00000000000148ac       0x38 /home/sword/ncs/v2.7.0/nrfxlib/crypto/nrf_cc312_platform/lib/cortex-m33/soft-float/no-interrupts/libnrf_cc312_platform_0.9.19.a(cc_pal_interrupt_ctrl.c.obj)
                0x00000000000148ac                CC_PalWaitInterruptRND
 .text.CC_PalWaitInterrupt
                0x00000000000148e4       0x28 /home/sword/ncs/v2.7.0/nrfxlib/crypto/nrf_cc312_platform/lib/cortex-m33/soft-float/no-interrupts/libnrf_cc312_platform_0.9.19.a(cc_pal_interrupt_ctrl.c.obj)
                0x00000000000148e4                CC_PalWaitInterrupt
 .text.CC_PalMemCopyPlat
                0x000000000001490c        0x4 /home/sword/ncs/v2.7.0/nrfxlib/crypto/nrf_cc312_platform/lib/cortex-m33/soft-float/no-interrupts/libnrf_cc312_platform_0.9.19.a(cc_pal_mem.c.obj)
                0x000000000001490c                CC_PalMemCopyPlat
 .text.CC_PalMemSetZeroPlat
                0x0000000000014910        0x8 /home/sword/ncs/v2.7.0/nrfxlib/crypto/nrf_cc312_platform/lib/cortex-m33/soft-float/no-interrupts/libnrf_cc312_platform_0.9.19.a(cc_pal_mem.c.obj)
                0x0000000000014910                CC_PalMemSetZeroPlat
 .text.CC_PalMutexCreate
                0x0000000000014918       0x14 /home/sword/ncs/v2.7.0/nrfxlib/crypto/nrf_cc312_platform/lib/cortex-m33/soft-float/no-interrupts/libnrf_cc312_platform_0.9.19.a(cc_pal_mutex.c.obj)
                0x0000000000014918                CC_PalMutexCreate
 .text.CC_PalMutexDestroy
                0x000000000001492c       0x14 /home/sword/ncs/v2.7.0/nrfxlib/crypto/nrf_cc312_platform/lib/cortex-m33/soft-float/no-interrupts/libnrf_cc312_platform_0.9.19.a(cc_pal_mutex.c.obj)
                0x000000000001492c                CC_PalMutexDestroy
 .text.CC_PalMutexLock
                0x0000000000014940       0x10 /home/sword/ncs/v2.7.0/nrfxlib/crypto/nrf_cc312_platform/lib/cortex-m33/soft-float/no-interrupts/libnrf_cc312_platform_0.9.19.a(cc_pal_mutex.c.obj)
                0x0000000000014940                CC_PalMutexLock
 .text.CC_PalMutexUnlock
                0x0000000000014950       0x14 /home/sword/ncs/v2.7.0/nrfxlib/crypto/nrf_cc312_platform/lib/cortex-m33/soft-float/no-interrupts/libnrf_cc312_platform_0.9.19.a(cc_pal_mutex.c.obj)
                0x0000000000014950                CC_PalMutexUnlock
 .text.CC_PalPowerSaveModeInit
                0x0000000000014964       0x3c /home/sword/ncs/v2.7.0/nrfxlib/crypto/nrf_cc312_platform/lib/cortex-m33/soft-float/no-interrupts/libnrf_cc312_platform_0.9.19.a(cc_pal_pm.c.obj)
                0x0000000000014964                CC_PalPowerSaveModeInit
 .text.CC_PalPowerSaveModeSelect
                0x00000000000149a0       0x84 /home/sword/ncs/v2.7.0/nrfxlib/crypto/nrf_cc312_platform/lib/cortex-m33/soft-float/no-interrupts/libnrf_cc312_platform_0.9.19.a(cc_pal_pm.c.obj)
                0x00000000000149a0                CC_PalPowerSaveModeSelect
 .text.mutex_init
                0x0000000000014a24        0xc /home/sword/ncs/v2.7.0/nrfxlib/crypto/nrf_cc312_platform/lib/cortex-m33/soft-float/no-interrupts/libnrf_cc312_platform_0.9.19.a(threading_alt.c.obj)
                0x0000000000014a24                mutex_init
 .text.mutex_lock
                0x0000000000014a30        0xc /home/sword/ncs/v2.7.0/nrfxlib/crypto/nrf_cc312_platform/lib/cortex-m33/soft-float/no-interrupts/libnrf_cc312_platform_0.9.19.a(threading_alt.c.obj)
                0x0000000000014a30                mutex_lock
 .text.mutex_unlock
                0x0000000000014a3c        0xc /home/sword/ncs/v2.7.0/nrfxlib/crypto/nrf_cc312_platform/lib/cortex-m33/soft-float/no-interrupts/libnrf_cc312_platform_0.9.19.a(threading_alt.c.obj)
                0x0000000000014a3c                mutex_unlock
 .text.nrf_cc3xx_platform_abort
                0x0000000000014a48       0x24 /home/sword/ncs/v2.7.0/nrfxlib/crypto/nrf_cc312_platform/lib/cortex-m33/soft-float/no-interrupts/libnrf_cc312_platform_0.9.19.a(nrf_cc3xx_platform_abort.c.obj)
 .text.CC_PalAbort
                0x0000000000014a6c       0x44 /home/sword/ncs/v2.7.0/nrfxlib/crypto/nrf_cc312_platform/lib/cortex-m33/soft-float/no-interrupts/libnrf_cc312_platform_0.9.19.a(nrf_cc3xx_platform_abort.c.obj)
                0x0000000000014a6c                CC_PalAbort
 .text.mutex_free
                0x0000000000014ab0       0x34 /home/sword/ncs/v2.7.0/nrfxlib/crypto/nrf_cc312_platform/lib/cortex-m33/soft-float/no-interrupts/libnrf_cc312_platform_0.9.19.a(nrf_cc3xx_platform_mutex.c.obj)
 .text.mutex_lock
                0x0000000000014ae4       0x48 /home/sword/ncs/v2.7.0/nrfxlib/crypto/nrf_cc312_platform/lib/cortex-m33/soft-float/no-interrupts/libnrf_cc312_platform_0.9.19.a(nrf_cc3xx_platform_mutex.c.obj)
 .text.mutex_unlock
                0x0000000000014b2c       0x38 /home/sword/ncs/v2.7.0/nrfxlib/crypto/nrf_cc312_platform/lib/cortex-m33/soft-float/no-interrupts/libnrf_cc312_platform_0.9.19.a(nrf_cc3xx_platform_mutex.c.obj)
 .text.mutex_init
                0x0000000000014b64       0x20 /home/sword/ncs/v2.7.0/nrfxlib/crypto/nrf_cc312_platform/lib/cortex-m33/soft-float/no-interrupts/libnrf_cc312_platform_0.9.19.a(nrf_cc3xx_platform_mutex.c.obj)
 .text.startTrngHW
                0x0000000000014b84      0x130 /home/sword/ncs/v2.7.0/nrfxlib/crypto/nrf_cc312_platform/lib/cortex-m33/soft-float/no-interrupts/libnrf_cc312_platform_0.9.19.a(llf_rnd_trng90b.c.obj)
 .text.LLF_RND_RepetitionCounterTest
                0x0000000000014cb4       0x64 /home/sword/ncs/v2.7.0/nrfxlib/crypto/nrf_cc312_platform/lib/cortex-m33/soft-float/no-interrupts/libnrf_cc312_platform_0.9.19.a(llf_rnd_trng90b.c.obj)
                0x0000000000014cb4                LLF_RND_RepetitionCounterTest
 .text.LLF_RND_AdaptiveProportionTest
                0x0000000000014d18       0x80 /home/sword/ncs/v2.7.0/nrfxlib/crypto/nrf_cc312_platform/lib/cortex-m33/soft-float/no-interrupts/libnrf_cc312_platform_0.9.19.a(llf_rnd_trng90b.c.obj)
                0x0000000000014d18                LLF_RND_AdaptiveProportionTest
 .text.getTrngSource
                0x0000000000014d98      0x2a8 /home/sword/ncs/v2.7.0/nrfxlib/crypto/nrf_cc312_platform/lib/cortex-m33/soft-float/no-interrupts/libnrf_cc312_platform_0.9.19.a(llf_rnd_trng90b.c.obj)
 .text.LLF_RND_GetTrngSource
                0x0000000000015040       0x18 /home/sword/ncs/v2.7.0/nrfxlib/crypto/nrf_cc312_platform/lib/cortex-m33/soft-float/no-interrupts/libnrf_cc312_platform_0.9.19.a(llf_rnd_trng90b.c.obj)
                0x0000000000015040                LLF_RND_GetTrngSource
 .text.LLF_RND_RunTrngStartupTest
                0x0000000000015058       0x1c /home/sword/ncs/v2.7.0/nrfxlib/crypto/nrf_cc312_platform/lib/cortex-m33/soft-float/no-interrupts/libnrf_cc312_platform_0.9.19.a(llf_rnd_trng90b.c.obj)
                0x0000000000015058                LLF_RND_RunTrngStartupTest
 .text.mbedtls_hardware_poll
                0x0000000000015074      0x104 /home/sword/ncs/v2.7.0/nrfxlib/crypto/nrf_cc312_platform/lib/cortex-m33/soft-float/no-interrupts/libnrf_cc312_platform_0.9.19.a(trng_api.c.obj)
                0x0000000000015074                mbedtls_hardware_poll
 .text.cc_mbedtls_sha256_init
                0x0000000000015178       0x28 /home/sword/ncs/v2.7.0/nrfxlib/crypto/nrf_cc312_platform/lib/cortex-m33/soft-float/no-interrupts/libnrf_cc312_platform_0.9.19.a(sha256_alt.c.obj)
                0x0000000000015178                cc_mbedtls_sha256_init
 .text.cc_mbedtls_sha256_free
                0x00000000000151a0        0xc /home/sword/ncs/v2.7.0/nrfxlib/crypto/nrf_cc312_platform/lib/cortex-m33/soft-float/no-interrupts/libnrf_cc312_platform_0.9.19.a(sha256_alt.c.obj)
                0x00000000000151a0                cc_mbedtls_sha256_free
 .text.cc_mbedtls_sha256_starts
                0x00000000000151ac       0x28 /home/sword/ncs/v2.7.0/nrfxlib/crypto/nrf_cc312_platform/lib/cortex-m33/soft-float/no-interrupts/libnrf_cc312_platform_0.9.19.a(sha256_alt.c.obj)
                0x00000000000151ac                cc_mbedtls_sha256_starts
 .text.cc_mbedtls_sha256_update
                0x00000000000151d4       0x54 /home/sword/ncs/v2.7.0/nrfxlib/crypto/nrf_cc312_platform/lib/cortex-m33/soft-float/no-interrupts/libnrf_cc312_platform_0.9.19.a(sha256_alt.c.obj)
                0x00000000000151d4                cc_mbedtls_sha256_update
 .text.cc_mbedtls_sha256_finish
                0x0000000000015228       0x48 /home/sword/ncs/v2.7.0/nrfxlib/crypto/nrf_cc312_platform/lib/cortex-m33/soft-float/no-interrupts/libnrf_cc312_platform_0.9.19.a(sha256_alt.c.obj)
                0x0000000000015228                cc_mbedtls_sha256_finish
 .text.mbedtls_sha_starts_internal
                0x0000000000015270       0x28 /home/sword/ncs/v2.7.0/nrfxlib/crypto/nrf_cc312_platform/lib/cortex-m33/soft-float/no-interrupts/libnrf_cc312_platform_0.9.19.a(mbedtls_hash_common.c.obj)
                0x0000000000015270                mbedtls_sha_starts_internal
 .text.mbedtls_sha_finish_internal
                0x0000000000015298       0x5c /home/sword/ncs/v2.7.0/nrfxlib/crypto/nrf_cc312_platform/lib/cortex-m33/soft-float/no-interrupts/libnrf_cc312_platform_0.9.19.a(mbedtls_hash_common.c.obj)
                0x0000000000015298                mbedtls_sha_finish_internal
 .text.mbedtls_sha_update_internal
                0x00000000000152f4      0x1ec /home/sword/ncs/v2.7.0/nrfxlib/crypto/nrf_cc312_platform/lib/cortex-m33/soft-float/no-interrupts/libnrf_cc312_platform_0.9.19.a(mbedtls_hash_common.c.obj)
                0x00000000000152f4                mbedtls_sha_update_internal
 .text.cc_mbedtls_sha256
                0x00000000000154e0       0x50 /home/sword/ncs/v2.7.0/nrfxlib/crypto/nrf_cc312_platform/lib/cortex-m33/soft-float/no-interrupts/libnrf_cc312_platform_0.9.19.a(sha256.c.obj)
                0x00000000000154e0                cc_mbedtls_sha256
 .text.RNG_PLAT_SetUserRngParameters
                0x0000000000015530       0x74 /home/sword/ncs/v2.7.0/nrfxlib/crypto/nrf_cc312_platform/lib/cortex-m33/soft-float/no-interrupts/libnrf_cc312_platform_0.9.19.a(cc_rng_plat.c.obj)
                0x0000000000015530                RNG_PLAT_SetUserRngParameters
 .text.CC_PalTrngParamGet
                0x00000000000155a4       0xac /home/sword/ncs/v2.7.0/nrfxlib/crypto/nrf_cc312_platform/lib/cortex-m33/soft-float/no-interrupts/libnrf_cc312_platform_0.9.19.a(cc_pal_trng.c.obj)
                0x00000000000155a4                CC_PalTrngParamGet
 .text.LLF_RND_WaitRngInterrupt
                0x0000000000015650       0x20 /home/sword/ncs/v2.7.0/nrfxlib/crypto/nrf_cc312_platform/lib/cortex-m33/soft-float/no-interrupts/libnrf_cc312_platform_0.9.19.a(llf_rnd.c.obj)
                0x0000000000015650                LLF_RND_WaitRngInterrupt
 .text.LLF_RND_GetRoscSampleCnt
                0x0000000000015670       0x34 /home/sword/ncs/v2.7.0/nrfxlib/crypto/nrf_cc312_platform/lib/cortex-m33/soft-float/no-interrupts/libnrf_cc312_platform_0.9.19.a(llf_rnd.c.obj)
                0x0000000000015670                LLF_RND_GetRoscSampleCnt
 .text.LLF_RND_GetFastestRosc
                0x00000000000156a4       0x20 /home/sword/ncs/v2.7.0/nrfxlib/crypto/nrf_cc312_platform/lib/cortex-m33/soft-float/no-interrupts/libnrf_cc312_platform_0.9.19.a(llf_rnd.c.obj)
                0x00000000000156a4                LLF_RND_GetFastestRosc
 .text.LLF_RND_TurnOffTrng
                0x00000000000156c4       0x24 /home/sword/ncs/v2.7.0/nrfxlib/crypto/nrf_cc312_platform/lib/cortex-m33/soft-float/no-interrupts/libnrf_cc312_platform_0.9.19.a(llf_rnd.c.obj)
                0x00000000000156c4                LLF_RND_TurnOffTrng
 .text.SetDataBuffersInfo
                0x00000000000156e8       0x64 /home/sword/ncs/v2.7.0/nrfxlib/crypto/nrf_cc312_platform/lib/cortex-m33/soft-float/no-interrupts/libnrf_cc312_platform_0.9.19.a(driver_common.c.obj)
                0x00000000000156e8                SetDataBuffersInfo
 .text.InitHashDrv
                0x000000000001574c       0x50 /home/sword/ncs/v2.7.0/nrfxlib/crypto/nrf_cc312_platform/lib/cortex-m33/soft-float/no-interrupts/libnrf_cc312_platform_0.9.19.a(hash_driver.c.obj)
                0x000000000001574c                InitHashDrv
 .text.ProcessHashDrv
                0x000000000001579c      0x210 /home/sword/ncs/v2.7.0/nrfxlib/crypto/nrf_cc312_platform/lib/cortex-m33/soft-float/no-interrupts/libnrf_cc312_platform_0.9.19.a(hash_driver.c.obj)
                0x000000000001579c                ProcessHashDrv
 .text.FinishHashDrv
                0x00000000000159ac       0x74 /home/sword/ncs/v2.7.0/nrfxlib/crypto/nrf_cc312_platform/lib/cortex-m33/soft-float/no-interrupts/libnrf_cc312_platform_0.9.19.a(hash_driver.c.obj)
                0x00000000000159ac                FinishHashDrv
 .text.CC_PalDataBufferAttrGet
                0x0000000000015a20        0x8 /home/sword/ncs/v2.7.0/nrfxlib/crypto/nrf_cc312_platform/lib/cortex-m33/soft-float/no-interrupts/libnrf_cc312_platform_0.9.19.a(cc_pal_buff_attr.c.obj)
                0x0000000000015a20                CC_PalDataBufferAttrGet
 .text          0x0000000000015a28       0xc8 /home/sword/ncs/toolchains/e9dba88316/opt/zephyr-sdk/arm-zephyr-eabi/bin/../lib/gcc/arm-zephyr-eabi/12.2.0/thumb/v8-m.main/nofp/libgcc.a(cmse.o)
                0x0000000000015a28                cmse_check_address_range
 .text.exit     0x0000000000015af0       0x28 /home/sword/ncs/toolchains/e9dba88316/opt/zephyr-sdk/arm-zephyr-eabi/bin/../lib/gcc/arm-zephyr-eabi/12.2.0/../../../../arm-zephyr-eabi/lib/thumb/v8-m.main/nofp/libc_nano.a(lib_a-exit.o)
                0x0000000000015af0                exit
 .text.__libc_init_array
                0x0000000000015b18       0x48 /home/sword/ncs/toolchains/e9dba88316/opt/zephyr-sdk/arm-zephyr-eabi/bin/../lib/gcc/arm-zephyr-eabi/12.2.0/../../../../arm-zephyr-eabi/lib/thumb/v8-m.main/nofp/libc_nano.a(lib_a-init.o)
                0x0000000000015b18                __libc_init_array
 .text._exit    0x0000000000015b60        0x4 /home/sword/ncs/toolchains/e9dba88316/opt/zephyr-sdk/arm-zephyr-eabi/bin/../lib/gcc/arm-zephyr-eabi/12.2.0/../../../../arm-zephyr-eabi/lib/thumb/v8-m.main/nofp/libnosys.a(_exit.o)
                0x0000000000015b60                _exit
 .text.clear_caller_context
                0x0000000000015b64        0x8 secure_fw/CMakeFiles/tfm_s.dir/partitions/ns_agent_tz/psa_api_veneers_v80m.o
 .text.C_HardFault_Handler
                0x0000000000015b6c        0x4 secure_fw/CMakeFiles/tfm_s.dir/__/platform/ext/common/faults.o
                0x0000000000015b6c                C_HardFault_Handler
 .text.HardFault_Handler
                0x0000000000015b70       0x1c secure_fw/CMakeFiles/tfm_s.dir/__/platform/ext/common/faults.o
                0x0000000000015b70                HardFault_Handler
 .text.C_MemManage_Handler
                0x0000000000015b8c        0x4 secure_fw/CMakeFiles/tfm_s.dir/__/platform/ext/common/faults.o
                0x0000000000015b8c                C_MemManage_Handler
 .text.MemManage_Handler
                0x0000000000015b90       0x1c secure_fw/CMakeFiles/tfm_s.dir/__/platform/ext/common/faults.o
                0x0000000000015b90                MemManage_Handler
 .text.C_BusFault_Handler
                0x0000000000015bac        0x4 secure_fw/CMakeFiles/tfm_s.dir/__/platform/ext/common/faults.o
                0x0000000000015bac                C_BusFault_Handler
 .text.BusFault_Handler
                0x0000000000015bb0       0x1c secure_fw/CMakeFiles/tfm_s.dir/__/platform/ext/common/faults.o
                0x0000000000015bb0                BusFault_Handler
 .text.C_SecureFault_Handler
                0x0000000000015bcc        0x4 secure_fw/CMakeFiles/tfm_s.dir/__/platform/ext/common/faults.o
                0x0000000000015bcc                C_SecureFault_Handler
 .text.SecureFault_Handler
                0x0000000000015bd0       0x1c secure_fw/CMakeFiles/tfm_s.dir/__/platform/ext/common/faults.o
                0x0000000000015bd0                SecureFault_Handler
 .text.C_UsageFault_Handler
                0x0000000000015bec        0x4 secure_fw/CMakeFiles/tfm_s.dir/__/platform/ext/common/faults.o
                0x0000000000015bec                C_UsageFault_Handler
 .text.UsageFault_Handler
                0x0000000000015bf0       0x1c secure_fw/CMakeFiles/tfm_s.dir/__/platform/ext/common/faults.o
                0x0000000000015bf0                UsageFault_Handler
 .text.memmove  0x0000000000015c0c       0x6c secure_fw/partitions/lib/runtime/libtfm_sprt.a(crt_memmove.o)
                0x0000000000015c0c                memmove
 .text.memcpy   0x0000000000015c78       0x4a secure_fw/partitions/lib/runtime/libtfm_sprt.a(crt_memcpy.o)
                0x0000000000015c78                memcpy
 .text.memset   0x0000000000015cc2       0x46 secure_fw/partitions/lib/runtime/libtfm_sprt.a(crt_memset.o)
                0x0000000000015cc2                memset
 .text.psa_framework_version
                0x0000000000015d08       0x18 secure_fw/partitions/lib/runtime/libtfm_sprt.a(psa_interface_sfn.o)
                0x0000000000015d08                psa_framework_version
 .text.psa_version
                0x0000000000015d20       0x1c secure_fw/partitions/lib/runtime/libtfm_sprt.a(psa_interface_sfn.o)
                0x0000000000015d20                psa_version
 .text.psa_read
                0x0000000000015d3c       0x2a secure_fw/partitions/lib/runtime/libtfm_sprt.a(psa_interface_sfn.o)
                0x0000000000015d3c                psa_read
 .text.psa_write
                0x0000000000015d66       0x2a secure_fw/partitions/lib/runtime/libtfm_sprt.a(psa_interface_sfn.o)
                0x0000000000015d66                psa_write
 .text.psa_panic
                0x0000000000015d90       0x18 secure_fw/partitions/lib/runtime/libtfm_sprt.a(psa_interface_sfn.o)
                0x0000000000015d90                psa_panic
 .text.platform_calloc_uninit
                0x0000000000015da8        0x4 secure_fw/partitions/crypto/mbedcrypto/nrf_security_src/libcrypto_service_mbedcrypto.a(platform.o)
 .text.platform_free_uninit
                0x0000000000015dac        0x2 secure_fw/partitions/crypto/mbedcrypto/nrf_security_src/libcrypto_service_mbedcrypto.a(platform.o)
 .text.mbedtls_zeroize_and_free
                0x0000000000015dae       0x14 secure_fw/partitions/crypto/mbedcrypto/nrf_security_src/libcrypto_service_mbedcrypto.a(platform_util.o)
                0x0000000000015dae                mbedtls_zeroize_and_free
 .text.psa_remove_key_data_from_memory
                0x0000000000015dc2       0x16 secure_fw/partitions/crypto/mbedcrypto/nrf_security_src/libcrypto_service_mbedcrypto.a(psa_crypto.o)
                0x0000000000015dc2                psa_remove_key_data_from_memory
 .text.psa_wipe_key_slot
                0x0000000000015dd8       0x22 secure_fw/partitions/crypto/mbedcrypto/nrf_security_src/libcrypto_service_mbedcrypto.a(psa_crypto.o)
                0x0000000000015dd8                psa_wipe_key_slot
 .text.psa_driver_wrapper_init
                0x0000000000015dfa        0x4 secure_fw/partitions/crypto/mbedcrypto/nrf_security_src/libcrypto_service_mbedcrypto.a(psa_crypto_driver_wrappers.o)
                0x0000000000015dfa                psa_driver_wrapper_init
 .text.psa_driver_wrapper_free
                0x0000000000015dfe        0x2 secure_fw/partitions/crypto/mbedcrypto/nrf_security_src/libcrypto_service_mbedcrypto.a(psa_crypto_driver_wrappers.o)
                0x0000000000015dfe                psa_driver_wrapper_free
 .text.psa_driver_wrapper_init_random
                0x0000000000015e00        0x4 secure_fw/partitions/crypto/mbedcrypto/nrf_security_src/libcrypto_service_mbedcrypto.a(psa_crypto_driver_wrappers.o)
                0x0000000000015e00                psa_driver_wrapper_init_random
 .text.psa_driver_wrapper_get_random
                0x0000000000015e04       0x22 secure_fw/partitions/crypto/mbedcrypto/nrf_security_src/libcrypto_service_mbedcrypto.a(psa_crypto_driver_wrappers.o)
                0x0000000000015e04                psa_driver_wrapper_get_random
 .text.psa_driver_wrapper_free_random
                0x0000000000015e26        0x4 secure_fw/partitions/crypto/mbedcrypto/nrf_security_src/libcrypto_service_mbedcrypto.a(psa_crypto_driver_wrappers.o)
                0x0000000000015e26                psa_driver_wrapper_free_random
 .text          0x0000000000015e2a       0x38 /home/sword/ncs/toolchains/e9dba88316/opt/zephyr-sdk/arm-zephyr-eabi/bin/../lib/gcc/arm-zephyr-eabi/12.2.0/thumb/v8-m.main/nofp/libgcc.a(cmse_nonsecure_call.o)
                0x0000000000015e2a                __gnu_cmse_nonsecure_call
 *(.init)
 *fill*         0x0000000000015e62        0x2 
 .init          0x0000000000015e64        0x4 /home/sword/ncs/toolchains/e9dba88316/opt/zephyr-sdk/arm-zephyr-eabi/bin/../lib/gcc/arm-zephyr-eabi/12.2.0/thumb/v8-m.main/nofp/crti.o
                0x0000000000015e64                _init
 .init          0x0000000000015e68        0x8 /home/sword/ncs/toolchains/e9dba88316/opt/zephyr-sdk/arm-zephyr-eabi/bin/../lib/gcc/arm-zephyr-eabi/12.2.0/thumb/v8-m.main/nofp/crtn.o
 *(.fini)
 .fini          0x0000000000015e70        0x4 /home/sword/ncs/toolchains/e9dba88316/opt/zephyr-sdk/arm-zephyr-eabi/bin/../lib/gcc/arm-zephyr-eabi/12.2.0/thumb/v8-m.main/nofp/crti.o
                0x0000000000015e70                _fini
 .fini          0x0000000000015e74        0x8 /home/sword/ncs/toolchains/e9dba88316/opt/zephyr-sdk/arm-zephyr-eabi/bin/../lib/gcc/arm-zephyr-eabi/12.2.0/thumb/v8-m.main/nofp/crtn.o
 *crtbegin.o(.ctors)
 *crtbegin?.o(.ctors)
 *(EXCLUDE_FILE(*crtend.o *crtend?.o) .ctors)
 *(SORT_BY_NAME(.ctors.*))
 *(.ctors)
 *crtbegin.o(.dtors)
 *crtbegin?.o(.dtors)
 *(EXCLUDE_FILE(*crtend.o *crtend?.o) .dtors)
 *(SORT_BY_NAME(.dtors.*))
 *(.dtors)
 *(SORT_BY_ALIGNMENT(.rodata*))
 .rodata.CSWTCH.10
                0x0000000000015e7c       0x20 /home/sword/ncs/v2.7.0/nrfxlib/crypto/nrf_cc312_platform/lib/cortex-m33/soft-float/no-interrupts/libnrf_cc312_platform_0.9.19.a(nrf_cc3xx_platform.c.obj)
 .rodata.RndStartupTest.constprop.0.str1.4
                0x0000000000015e9c       0x6f /home/sword/ncs/v2.7.0/nrfxlib/crypto/nrf_cc312_platform/lib/cortex-m33/soft-float/no-interrupts/libnrf_cc312_platform_0.9.19.a(cc_lib.c.obj)
 *fill*         0x0000000000015f0b        0x1 
 .rodata.CC_PalPowerSaveModeInit.str1.4
                0x0000000000015f0c       0x20 /home/sword/ncs/v2.7.0/nrfxlib/crypto/nrf_cc312_platform/lib/cortex-m33/soft-float/no-interrupts/libnrf_cc312_platform_0.9.19.a(cc_pal_pm.c.obj)
 .rodata.mutex_free.str1.4
                0x0000000000015f2c       0x26 /home/sword/ncs/v2.7.0/nrfxlib/crypto/nrf_cc312_platform/lib/cortex-m33/soft-float/no-interrupts/libnrf_cc312_platform_0.9.19.a(nrf_cc3xx_platform_mutex.c.obj)
 *fill*         0x0000000000015f52        0x2 
 .rodata.mutex_init.str1.4
                0x0000000000015f54       0x23 /home/sword/ncs/v2.7.0/nrfxlib/crypto/nrf_cc312_platform/lib/cortex-m33/soft-float/no-interrupts/libnrf_cc312_platform_0.9.19.a(nrf_cc3xx_platform_mutex.c.obj)
 *fill*         0x0000000000015f77        0x1 
 .rodata.mbedtls_hardware_poll.str1.4
                0x0000000000015f78       0x16 /home/sword/ncs/v2.7.0/nrfxlib/crypto/nrf_cc312_platform/lib/cortex-m33/soft-float/no-interrupts/libnrf_cc312_platform_0.9.19.a(trng_api.c.obj)
                                         0x6e (size before relaxing)
 *fill*         0x0000000000015f8e        0x2 
 .rodata.cc_mbedtls_sha256_init.str1.4
                0x0000000000015f90        0xe /home/sword/ncs/v2.7.0/nrfxlib/crypto/nrf_cc312_platform/lib/cortex-m33/soft-float/no-interrupts/libnrf_cc312_platform_0.9.19.a(sha256_alt.c.obj)
 .rodata.ProcessHashDrv.str1.4
                0x0000000000015f9e       0x6f /home/sword/ncs/v2.7.0/nrfxlib/crypto/nrf_cc312_platform/lib/cortex-m33/soft-float/no-interrupts/libnrf_cc312_platform_0.9.19.a(hash_driver.c.obj)
 *fill*         0x0000000000015f9e        0x2 
 .rodata.HASH_LARVAL_SHA256
                0x0000000000015fa0       0x20 /home/sword/ncs/v2.7.0/nrfxlib/crypto/nrf_cc312_platform/lib/cortex-m33/soft-float/no-interrupts/libnrf_cc312_platform_0.9.19.a(hash_driver.c.obj)
 .rodata.HASH_LARVAL_SHA224
                0x0000000000015fc0       0x20 /home/sword/ncs/v2.7.0/nrfxlib/crypto/nrf_cc312_platform/lib/cortex-m33/soft-float/no-interrupts/libnrf_cc312_platform_0.9.19.a(hash_driver.c.obj)
 .rodata.HASH_LARVAL_SHA1
                0x0000000000015fe0       0x14 /home/sword/ncs/v2.7.0/nrfxlib/crypto/nrf_cc312_platform/lib/cortex-m33/soft-float/no-interrupts/libnrf_cc312_platform_0.9.19.a(hash_driver.c.obj)
 .rodata._global_impure_ptr
                0x0000000000015ff4        0x4 /home/sword/ncs/toolchains/e9dba88316/opt/zephyr-sdk/arm-zephyr-eabi/bin/../lib/gcc/arm-zephyr-eabi/12.2.0/../../../../arm-zephyr-eabi/lib/thumb/v8-m.main/nofp/libc_nano.a(lib_a-impure.o)
                0x0000000000015ff4                _global_impure_ptr
 .rodata.str1.1
                0x0000000000015ff8        0xb secure_fw/CMakeFiles/tfm_s.dir/__/generated/secure_fw/partitions/crypto/auto_generated/load_info_tfm_crypto.o
 .rodata.str1.1
                0x0000000000016003       0x15 secure_fw/CMakeFiles/tfm_s.dir/__/generated/secure_fw/partitions/platform/auto_generated/load_info_tfm_platform.o
 *(.eh_frame*)
 .eh_frame      0x0000000000016018        0x0 /home/sword/ncs/toolchains/e9dba88316/opt/zephyr-sdk/arm-zephyr-eabi/bin/../lib/gcc/arm-zephyr-eabi/12.2.0/thumb/v8-m.main/nofp/crtbegin.o
 .eh_frame      0x0000000000016018        0x4 /home/sword/ncs/toolchains/e9dba88316/opt/zephyr-sdk/arm-zephyr-eabi/bin/../lib/gcc/arm-zephyr-eabi/12.2.0/thumb/v8-m.main/nofp/crtend.o
                0x0000000000016020                . = ALIGN (0x20)
 *fill*         0x000000000001601c        0x4 
                0x00000000000138a0                Image$$TFM_UNPRIV_CODE_START$$RO$$Base = ADDR (.TFM_UNPRIV_CODE)
                0x0000000000016020                Image$$TFM_UNPRIV_CODE_END$$RO$$Limit = (ADDR (.TFM_UNPRIV_CODE) + SIZEOF (.TFM_UNPRIV_CODE))

.glue_7         0x0000000000016020        0x0
 .glue_7        0x0000000000016020        0x0 linker stubs

.glue_7t        0x0000000000016020        0x0
 .glue_7t       0x0000000000016020        0x0 linker stubs

.vfp11_veneer   0x0000000000016020        0x0
 .vfp11_veneer  0x0000000000016020        0x0 linker stubs

.v4_bx          0x0000000000016020        0x0
 .v4_bx         0x0000000000016020        0x0 linker stubs

.iplt           0x0000000000016020        0x0
 .iplt          0x0000000000016020        0x0 /home/sword/ncs/toolchains/e9dba88316/opt/zephyr-sdk/arm-zephyr-eabi/bin/../lib/gcc/arm-zephyr-eabi/12.2.0/thumb/v8-m.main/nofp/crtbegin.o

.rel.dyn        0x0000000000016020        0x0
 .rel.iplt      0x0000000000016020        0x0 /home/sword/ncs/toolchains/e9dba88316/opt/zephyr-sdk/arm-zephyr-eabi/bin/../lib/gcc/arm-zephyr-eabi/12.2.0/thumb/v8-m.main/nofp/crtbegin.o

.gnu.sgstubs    0x0000000000017c00       0x40
 *(.gnu.sgstubs*)
 .gnu.sgstubs.__stub
                0x0000000000017c00       0x28 linker stubs
                0x0000000000017c00                tfm_psa_framework_version_veneer
                0x0000000000017c08                tfm_psa_version_veneer
                0x0000000000017c10                tfm_psa_close_veneer
                0x0000000000017c18                tfm_psa_connect_veneer
                0x0000000000017c20                tfm_psa_call_veneer

.sgstubs_end    0x0000000000018000        0x0

.tfm_secure_data_start
                0x0000000020002000        0x0
                0x0000000020002000                . = ALIGN (0x4)

.tfm_bl2_shared_data
                0x0000000020002000      0x400
                0x0000000020002400                . = (. + 0x400)
 *fill*         0x0000000020002000      0x400 

.msp_stack      0x0000000020002400      0x7f8
                0x0000000020002bf8                . = (. + (__msp_stack_size__ - 0x8))
 *fill*         0x0000000020002400      0x7f8 
                0x0000000020002400                Image$$ARM_LIB_STACK$$ZI$$Base = ADDR (.msp_stack)
                0x0000000020002bf8                Image$$ARM_LIB_STACK$$ZI$$Limit = (ADDR (.msp_stack) + SIZEOF (.msp_stack))

.msp_stack_seal_res
                0x0000000020002bf8        0x8
                0x0000000020002c00                . = (. + 0x8)
 *fill*         0x0000000020002bf8        0x8 
                0x0000000020002bf8                __StackSeal = ADDR (.msp_stack_seal_res)
                0x0000000020002c00                . = ALIGN (0x20)
                0x0000000020002c00                Image$$TFM_APP_RW_STACK_START$$Base = .

.TFM_APP_ROT_LINKER_DATA
                0x0000000020002c00        0x0 load address 0x0000000000017c40
 *tfm_app_rot_partition*:(SORT_BY_ALIGNMENT(.data*))
 *(TFM_*_APP-ROT_ATTR_RW)
                0x0000000020002c00                . = ALIGN (0x4)
                0x0000000020002c00                Image$$TFM_APP_ROT_LINKER_DATA$$RW$$Base = ADDR (.TFM_APP_ROT_LINKER_DATA)
                0x0000000020002c00                Image$$TFM_APP_ROT_LINKER_DATA$$RW$$Limit = (ADDR (.TFM_APP_ROT_LINKER_DATA) + SIZEOF (.TFM_APP_ROT_LINKER_DATA))

.TFM_APP_ROT_LINKER_BSS
                0x0000000020002c00       0x20
                0x0000000020002c00                start_of_TFM_APP_ROT_LINKER = .
 *tfm_app_rot_partition*:(SORT_BY_ALIGNMENT(.bss*))
 *tfm_app_rot_partition*:*(COMMON)
 *(TFM_*_APP-ROT_ATTR_ZI)
                0x0000000020002c04                . = (. + (. - start_of_TFM_APP_ROT_LINKER)?0x0:0x4)
 *fill*         0x0000000020002c00        0x4 
                0x0000000020002c20                . = ALIGN (0x20)
 *fill*         0x0000000020002c04       0x1c 
                0x0000000020002c00                Image$$TFM_APP_ROT_LINKER_DATA$$ZI$$Base = ADDR (.TFM_APP_ROT_LINKER_BSS)
                0x0000000020002c20                Image$$TFM_APP_ROT_LINKER_DATA$$ZI$$Limit = (ADDR (.TFM_APP_ROT_LINKER_BSS) + SIZEOF (.TFM_APP_ROT_LINKER_BSS))
                0x0000000020002c20                Image$$TFM_APP_RW_STACK_END$$Base = .
                0x0000000020002c20                Image$$TFM_PSA_RW_STACK_START$$Base = .

.TFM_PSA_ROT_LINKER_DATA
                0x0000000020002c20        0x0 load address 0x0000000000017c40
 *tfm_psa_rot_partition*:(SORT_BY_ALIGNMENT(.data*))
 *(TFM_*_PSA-ROT_ATTR_RW)
                0x0000000020002c20                . = ALIGN (0x4)
                0x0000000020002c20                Image$$TFM_PSA_ROT_LINKER_DATA$$RW$$Base = ADDR (.TFM_PSA_ROT_LINKER_DATA)
                0x0000000020002c20                Image$$TFM_PSA_ROT_LINKER_DATA$$RW$$Limit = (ADDR (.TFM_PSA_ROT_LINKER_DATA) + SIZEOF (.TFM_PSA_ROT_LINKER_DATA))

.TFM_PSA_ROT_LINKER_BSS
                0x0000000020002c20      0x460
                0x0000000020002c20                start_of_TFM_PSA_ROT_LINKER = .
 *tfm_psa_rot_partition*:(SORT_BY_ALIGNMENT(.bss*))
 .bss.scratch   0x0000000020002c20      0x408 secure_fw/partitions/crypto/libtfm_psa_rot_partition_crypto.a(crypto_init.o)
 .bss.operations
                0x0000000020003028       0x28 secure_fw/partitions/crypto/libtfm_psa_rot_partition_crypto.a(crypto_alloc.o)
 .bss.mbedtls_mem_buf
                0x0000000020003050        0x1 secure_fw/partitions/crypto/libtfm_psa_rot_partition_crypto.a(crypto_library.o)
 .bss.mbedtls_version_full
                0x0000000020003051       0x12 secure_fw/partitions/crypto/libtfm_psa_rot_partition_crypto.a(crypto_library.o)
 *tfm_psa_rot_partition*:*(COMMON)
 *(TFM_*_PSA-ROT_ATTR_ZI)
                0x0000000020003063                . = (. + (. - start_of_TFM_PSA_ROT_LINKER)?0x0:0x4)
                0x0000000020003080                . = ALIGN (0x20)
 *fill*         0x0000000020003063       0x1d 
                0x0000000020002c20                Image$$TFM_PSA_ROT_LINKER_DATA$$ZI$$Base = ADDR (.TFM_PSA_ROT_LINKER_BSS)
                0x0000000020003080                Image$$TFM_PSA_ROT_LINKER_DATA$$ZI$$Limit = (ADDR (.TFM_PSA_ROT_LINKER_BSS) + SIZEOF (.TFM_PSA_ROT_LINKER_BSS))
                0x0000000020003080                Image$$TFM_PSA_RW_STACK_END$$Base = .

.TFM_DATA       0x0000000020003080      0x130 load address 0x0000000000017c40
 *(SORT_BY_ALIGNMENT(.data*))
 .data.ret_err  0x0000000020003080        0x4 secure_fw/CMakeFiles/tfm_s.dir/partitions/ns_agent_tz/psa_api_veneers_v80m.o
                0x0000000020003080                ret_err
 .data.SystemCoreClock
                0x0000000020003084        0x4 platform/libplatform_s.a(system_nrf5340_application.o)
                0x0000000020003084                SystemCoreClock
 .data.UART0_Resources
                0x0000000020003088       0x28 platform/libplatform_s.a(Driver_USART.o)
 .data.dev_mpu_s
                0x00000000200030b0        0x4 secure_fw/spm/libtfm_spm.a(tfm_hal_isolation.o)
                0x00000000200030b0                dev_mpu_s
 .data.tfm_peripheral_vmc
                0x00000000200030b4        0x8 secure_fw/spm/libtfm_spm.a(target_cfg.o)
                0x00000000200030b4                tfm_peripheral_vmc
 .data.tfm_peripheral_uarte0